{
  "label": "ai005",
  "seed": 19,
  "termination": {
    "status": "GAME_OVER",
    "side": "GERMAN"
  },
  "turn": 16,
  "winner": "SOVIET",
  "accepted": 1037,
  "rejected": 0,
  "repeatedRejections": 0,
  "count": {
    "DEPLOY_INITIAL_UNIT": 58,
    "READY_FOR_PHASE_END": 157,
    "MOVE": 793,
    "DEPLOY_REINFORCEMENT": 13,
    "ATTACK": 6,
    "PASS_REACTION": 6,
    "RETREAT": 2,
    "PASS_ADVANCE": 3
  },
  "first": {
    "GERMAN": {
      "contact": {
        "turn": 9,
        "phase": "GERMAN_MOVEMENT",
        "decision": 615
      },
      "identified": {
        "turn": 9,
        "phase": "GERMAN_MOVEMENT",
        "decision": 615
      },
      "adjacent": {
        "turn": 9,
        "phase": "GERMAN_MOVEMENT",
        "decision": 615
      },
      "attack": {
        "turn": 9,
        "phase": "GERMAN_COMBAT",
        "decision": 639
      }
    },
    "SOVIET": {
      "contact": {
        "turn": 9,
        "phase": "GERMAN_COMBAT",
        "decision": 640
      },
      "identified": {
        "turn": 9,
        "phase": "GERMAN_COMBAT",
        "decision": 640
      },
      "adjacent": {
        "turn": 9,
        "phase": "GERMAN_COMBAT",
        "decision": 640
      },
      "attack": null
    }
  },
  "reversals": 1,
  "revisits": 1,
  "finalRandom": {
    "seed": 19,
    "state": 2358098299,
    "draws": 12
  },
  "traceHash": "660255855ce7fdf48908de4660e7ae92516e266ff9c3fc53d6c9f334d3c1c01f",
  "stateHash": "a560d828d92f305d8e465b84ae337e01abbf8afc9c0bd218677bbb548c01c0cc",
  "timing": {
    "calls": 1038,
    "totalMs": 11921.256923,
    "p50Ms": 9.17711699999927,
    "p95Ms": 31.32069799999954,
    "maxMs": 73.05037399999947
  }
}
