{
  "label": "ai005",
  "seed": 18,
  "termination": {
    "status": "GAME_OVER",
    "side": "GERMAN"
  },
  "turn": 16,
  "winner": "SOVIET",
  "accepted": 1010,
  "rejected": 0,
  "repeatedRejections": 0,
  "count": {
    "DEPLOY_INITIAL_UNIT": 58,
    "READY_FOR_PHASE_END": 157,
    "MOVE": 778,
    "DEPLOY_REINFORCEMENT": 13,
    "ATTACK": 2,
    "PASS_REACTION": 2,
    "PASS_ADVANCE": 1
  },
  "first": {
    "GERMAN": {
      "contact": {
        "turn": 9,
        "phase": "GERMAN_MOVEMENT",
        "decision": 615
      },
      "identified": {
        "turn": 9,
        "phase": "GERMAN_MOVEMENT",
        "decision": 615
      },
      "adjacent": {
        "turn": 9,
        "phase": "GERMAN_MOVEMENT",
        "decision": 615
      },
      "attack": {
        "turn": 9,
        "phase": "GERMAN_COMBAT",
        "decision": 639
      }
    },
    "SOVIET": {
      "contact": {
        "turn": 9,
        "phase": "GERMAN_COMBAT",
        "decision": 640
      },
      "identified": {
        "turn": 9,
        "phase": "GERMAN_COMBAT",
        "decision": 640
      },
      "adjacent": {
        "turn": 9,
        "phase": "GERMAN_COMBAT",
        "decision": 640
      },
      "attack": null
    }
  },
  "reversals": 0,
  "revisits": 0,
  "finalRandom": {
    "seed": 18,
    "state": 1889345756,
    "draws": 4
  },
  "traceHash": "537397950bfefd3a71bf73212660635edae06d4614c2339170be80254ca0ea13",
  "stateHash": "a78602cb9f769836adf71bdb30245fce5ac9c9c2abaa846c5bc7d7620758ede5",
  "timing": {
    "calls": 1011,
    "totalMs": 11752.874125999977,
    "p50Ms": 10.110384999999951,
    "p95Ms": 29.74623799999972,
    "maxMs": 85.5328980000013
  }
}
