{
  "label": "r1",
  "seed": 19,
  "termination": {
    "status": "GAME_OVER",
    "side": "GERMAN"
  },
  "turn": 16,
  "winner": "SOVIET",
  "accepted": 1014,
  "rejected": 0,
  "repeatedRejections": 0,
  "count": {
    "DEPLOY_INITIAL_UNIT": 58,
    "READY_FOR_PHASE_END": 157,
    "MOVE": 777,
    "DEPLOY_REINFORCEMENT": 13,
    "ATTACK": 3,
    "PASS_REACTION": 3,
    "RETREAT": 2,
    "PASS_ADVANCE": 2
  },
  "first": {
    "GERMAN": {
      "contact": {
        "turn": 12,
        "phase": "GERMAN_MOVEMENT",
        "decision": 777
      },
      "identified": {
        "turn": 12,
        "phase": "GERMAN_MOVEMENT",
        "decision": 777
      },
      "adjacent": {
        "turn": 12,
        "phase": "GERMAN_MOVEMENT",
        "decision": 777
      },
      "attack": {
        "turn": 12,
        "phase": "GERMAN_COMBAT",
        "decision": 800
      }
    },
    "SOVIET": {
      "contact": {
        "turn": 12,
        "phase": "GERMAN_COMBAT",
        "decision": 801
      },
      "identified": {
        "turn": 12,
        "phase": "GERMAN_COMBAT",
        "decision": 801
      },
      "adjacent": {
        "turn": 12,
        "phase": "GERMAN_COMBAT",
        "decision": 801
      },
      "attack": null
    }
  },
  "reversals": 16,
  "revisits": 16,
  "finalRandom": {
    "seed": 19,
    "state": 1964712439,
    "draws": 6
  },
  "traceHash": "e3fa8e5a30457b7d970838f34baf6887716cb1f1c6e98411e7ddb689e2ead96e",
  "stateHash": "1eeac283c750c0052ffb6b26eb3241a041dd289329a2de7336c3b08b88485bac",
  "timing": {
    "calls": 1015,
    "totalMs": 3846.0457190000243,
    "p50Ms": 3.634353999999803,
    "p95Ms": 9.35457099999985,
    "maxMs": 19.80481300000065
  }
}
