{
  "label": "r1",
  "seed": 17,
  "termination": {
    "status": "GAME_OVER",
    "side": "GERMAN"
  },
  "turn": 16,
  "winner": "SOVIET",
  "accepted": 1044,
  "rejected": 0,
  "repeatedRejections": 0,
  "count": {
    "DEPLOY_INITIAL_UNIT": 58,
    "READY_FOR_PHASE_END": 157,
    "MOVE": 806,
    "DEPLOY_REINFORCEMENT": 13,
    "ATTACK": 4,
    "PASS_REACTION": 4,
    "RETREAT": 1,
    "PASS_ADVANCE": 2
  },
  "first": {
    "GERMAN": {
      "contact": {
        "turn": 12,
        "phase": "GERMAN_MOVEMENT",
        "decision": 777
      },
      "identified": {
        "turn": 12,
        "phase": "GERMAN_MOVEMENT",
        "decision": 777
      },
      "adjacent": {
        "turn": 12,
        "phase": "GERMAN_MOVEMENT",
        "decision": 777
      },
      "attack": {
        "turn": 12,
        "phase": "GERMAN_COMBAT",
        "decision": 800
      }
    },
    "SOVIET": {
      "contact": {
        "turn": 12,
        "phase": "GERMAN_COMBAT",
        "decision": 801
      },
      "identified": {
        "turn": 12,
        "phase": "GERMAN_COMBAT",
        "decision": 801
      },
      "adjacent": {
        "turn": 12,
        "phase": "GERMAN_COMBAT",
        "decision": 801
      },
      "attack": null
    }
  },
  "reversals": 25,
  "revisits": 25,
  "finalRandom": {
    "seed": 17,
    "state": 3727251969,
    "draws": 8
  },
  "traceHash": "73c29fe5a18bf044afb1d8e192617fa72cdc4037ddde497ee0b0689bc4a536f7",
  "stateHash": "f9851cc493b6affc91398835c64d83022b594642ac85366698efd1148ea6c4b8",
  "timing": {
    "calls": 1045,
    "totalMs": 3494.838594000015,
    "p50Ms": 3.29950800000006,
    "p95Ms": 7.147133999998914,
    "maxMs": 14.969449000000168
  }
}
