✔ AI001 hidden deployment paired states have identical input, candidates and pre-execution choice (280.534623ms)
✔ AI001 hidden force composition, support, resources and future RNG do not affect fair policy (16.750861ms)
✔ AI001 CONTACT stack/type anonymity and actual host Last Known retention match existing permission (17.574184ms)
✔ AI001 identified enemy fields and clearing stale observations are unchanged (1.515739ms)
✔ AI001 full-state legality is a real hidden-ZOC oracle, absent from fair candidate generation (5.812887ms)
✔ AI001 rejection details are constant, state/RNG unchanged, bounded recovery can continue (19.953712ms)
✔ AI001 even an admitted candidate uses real engine validation and returns no raw error (10.990904ms)
✔ AI001 no forged controller, hidden target, support source, preallocated IDs or mutable authority capabilities (29.894475ms)
✔ AI001 retries stop after fixed limit; terminal/exception paths never keep calling the policy (19.263333ms)
✔ AI001 decision memory/seed partitions never cross seats or matches, including same controller IDs (15.297156ms)
✔ AI001 agent tie breaking is repeatable, separate from combat RNG, and input-only (89.352476ms)
✔ AI001 explicit output allowlist strips unexpected view/rules fields rather than copying them (0.912268ms)
✔ AI001 production deployment, reinforcement and alternating phases reach the unchanged terminal checkpoint (4996.48133ms)
✔ AI001 terminal production checkpoint remains final German turn; terminal state never asks policy again (5.352381ms)
✔ AI001 actual battle submits via RulesEngine and routes reaction/loss to the correct side (21.839804ms)
✔ AI001 optional combat passes use only authorized pending decision, not hidden previews (7.779076ms)
✔ AI001 old headless entry remains explicitly omniscient and separate from the fair runtime graph (1.690702ms)
✔ CORE-FIX-001 real breakthrough continues through fair host; corrupt positions still stop (19.499691ms)
✔ AI001 accepted hidden artillery selection never enters the opposing policy packet (5.234884ms)
✔ AI001 identical submitted combat intents preserve exact Core dice/state across different agent seeds (11.743521ms)
✔ AI001 policy receives exactly one data argument and no implicit host or other-seat receiver (3.06704ms)
✔ AI002 fixed-seed production full game: real turn-4 deployments, replay and deterministic trace (9900.371369ms)
✔ AI002 real attack, retreat, advance, breakthrough, Schwerpunkt decline then natural terminal (923.797843ms)
✔ AI002 multi-unit losses and no-route retreat use actual Actions, never fabricated pending state (1157.377558ms)
✔ AI002 actual Schwerpunkt second battle and required child decisions complete (571.495524ms)
✔ AI002 reinforcement proposals are identical despite hidden entry blockers; own receipts are isolated (12.870571ms)
✔ AI002 unsupported retreat distance stops explicitly; no oracle or forced-step bypass (3.89846ms)
✔ AI002 hidden retreat blockers preserve identical input/intent and recover only through actual adjudication (35.300196ms)
✔ AI002 empty retreat is still rejected when an actual route exists; normal retry restores flow (13.677189ms)
✔ AI003 browser-portable observation hashes remain exactly SHA256 (17.883141ms)
✔ AI003 both human sides attack, AI owns reaction/retreat despite human active turn (425.237829ms)
✔ AI003 scripted AI attack yields to human reaction and loss, then resumes required owner only (673.571539ms)
✔ AI003 advance and breakthrough continue through the normal human Action path (265.732999ms)
✔ AI003 real turn-four reinforcement scenario and terminal scenario use replayed campaign Actions (6992.352583ms)
✔ AI003 policy stop and rejection limit preserve state; takeover changes recipient explicitly (219.73437ms)
✔ AI003 duplicate, old revision, wrong owner and forged invisible target cannot mutate or reroll (65.230352ms)
✔ AI003 Worker channel carries authorized DTOs only; stale epochs ignored and cancellation terminates old work (239.410768ms)
✔ AI003 actual client/session bridge enforces single-flight submission and clears seat caches on takeover (116.37827ms)
✔ AI003 late worker replies after exit or worker failure never replace the visible snapshot (48.954382ms)
✔ AI003 cold entry awaits existing terrain boot and cancelled starts cannot create a Worker (385.824301ms)
✔ R1 public single-step cost agrees with Core across terrain, river, road, bridge, OOS and Jager cases (734.008273ms)
✔ R1 cost filter chooses another affordable progress move instead of ending or repeating an impossible crossing (3.490961ms)
✔ R1 uncertain road bonus stays a proposal; unseen units and RNG cannot change preexecution output (7.807668ms)
✔ AI004 autonomous approach, visible attack and genuine battle followups replay exactly (162.800195ms)
✔ AI004 unfavorable visible attack is declined, terrain and entrenchment make it no better (2.777113ms)
✔ AI004 no identified enemy advances toward public goal without consuming battle RNG (12.018526ms)
✔ AI004 hidden deployment/support/RNG variants have identical inputs and preexecution outputs (113.232146ms)
✔ AI004 rejects are not retried, three failures end safely; no rejected end loops (6.57001ms)
✔ AI004 CONTACT and last-known remain uncertain; policy has no cross-seat or match memory (12.567024ms)
✔ AI004 agent seed only breaks ties; repeated scoring never changes host RNG (16.314086ms)
✔ AI004 bounded full campaign finishes or preserves explicit stop with reproducible trace (61069.781934ms)
ℹ tests 51
ℹ suites 0
ℹ pass 51
ℹ fail 0
ℹ cancelled 0
ℹ skipped 0
ℹ todo 0
ℹ duration_ms 61562.46122
