{
  "priorDecision": {
    "kind": "INTENT",
    "intent": {
      "type": "MOVE",
      "unitId": "S-EL-02",
      "path": [
        {
          "q": 21,
          "r": 2
        }
      ]
    }
  },
  "currentDecision": {
    "kind": "INTENT",
    "intent": {
      "type": "MOVE",
      "unitId": "S-EL-02",
      "path": [
        {
          "q": 21,
          "r": 3
        }
      ]
    }
  },
  "reverseScoreUnderPriorView": null,
  "reverseScoreWithPriorOccupancy": null,
  "reverseScoreUnderCurrentView": 3.0806451612903225,
  "ownBefore": {
    "visibility": "IDENTIFIED",
    "id": "S-EL-02",
    "side": "SOVIET",
    "type": "ELITE_INFANTRY",
    "step": 0,
    "hex": {
      "q": 21,
      "r": 3
    },
    "stats": {
      "attack": 5,
      "defense": 5,
      "movement": 3
    },
    "supplyState": "SUPPLIED",
    "entrenched": false,
    "friendly": {
      "id": "S-EL-02",
      "templateId": "S-ELITE",
      "side": "SOVIET",
      "type": "ELITE_INFANTRY",
      "step": 0,
      "alive": true,
      "hex": {
        "q": 21,
        "r": 3
      },
      "supplyState": "SUPPLIED",
      "entrenched": false,
      "hasMoved": false,
      "hasAttacked": false,
      "controllerId": "S-AI-1",
      "temporarySupply": false,
      "dedicatedRailRepair": false,
      "reconZocIgnoreUsed": false,
      "artillerySupportUsed": false,
      "lastHQCommandTurn": null
    }
  },
  "ownAfter": {
    "visibility": "IDENTIFIED",
    "id": "S-EL-02",
    "side": "SOVIET",
    "type": "ELITE_INFANTRY",
    "step": 0,
    "hex": {
      "q": 21,
      "r": 2
    },
    "stats": {
      "attack": 5,
      "defense": 5,
      "movement": 3
    },
    "supplyState": "SUPPLIED",
    "entrenched": false,
    "friendly": {
      "id": "S-EL-02",
      "templateId": "S-ELITE",
      "side": "SOVIET",
      "type": "ELITE_INFANTRY",
      "step": 0,
      "alive": true,
      "hex": {
        "q": 21,
        "r": 2
      },
      "supplyState": "SUPPLIED",
      "entrenched": false,
      "hasMoved": false,
      "hasAttacked": false,
      "controllerId": "S-AI-1",
      "temporarySupply": false,
      "dedicatedRailRepair": false,
      "reconZocIgnoreUsed": false,
      "artillerySupportUsed": false,
      "lastHQCommandTurn": null
    }
  },
  "changedPositions": [
    {
      "id": "S-ART-01",
      "before": {
        "q": 17,
        "r": 0
      },
      "after": {
        "q": 18,
        "r": -1
      }
    },
    {
      "id": "S-ART-02",
      "before": {
        "q": 14,
        "r": 7
      },
      "after": {
        "q": 15,
        "r": 6
      }
    },
    {
      "id": "S-ART-03",
      "before": {
        "q": 23,
        "r": 0
      },
      "after": {
        "q": 24,
        "r": -1
      }
    },
    {
      "id": "S-AT-01",
      "before": {
        "q": 26,
        "r": -5
      },
      "after": {
        "q": 26,
        "r": -4
      }
    },
    {
      "id": "S-AT-02",
      "before": {
        "q": 24,
        "r": -4
      },
      "after": {
        "q": 25,
        "r": -4
      }
    },
    {
      "id": "S-AT-03",
      "before": {
        "q": 25,
        "r": -1
      },
      "after": {
        "q": 26,
        "r": -2
      }
    },
    {
      "id": "S-EL-01",
      "before": {
        "q": 25,
        "r": -1
      },
      "after": {
        "q": 26,
        "r": -2
      }
    },
    {
      "id": "S-EL-02",
      "before": {
        "q": 21,
        "r": 3
      },
      "after": {
        "q": 21,
        "r": 2
      }
    },
    {
      "id": "S-ENG-01",
      "before": {
        "q": 20,
        "r": 4
      },
      "after": {
        "q": 22,
        "r": 3
      }
    },
    {
      "id": "S-ENG-02",
      "before": {
        "q": 20,
        "r": 2
      },
      "after": {
        "q": 20,
        "r": 1
      }
    },
    {
      "id": "S-HV-01",
      "before": {
        "q": 22,
        "r": -3
      },
      "after": {
        "q": 23,
        "r": -3
      }
    },
    {
      "id": "S-I-01",
      "before": {
        "q": 22,
        "r": 0
      },
      "after": {
        "q": 23,
        "r": -1
      }
    },
    {
      "id": "S-I-02",
      "before": {
        "q": 22,
        "r": -3
      },
      "after": {
        "q": 23,
        "r": -4
      }
    },
    {
      "id": "S-I-03",
      "before": {
        "q": 24,
        "r": -5
      },
      "after": {
        "q": 25,
        "r": -5
      }
    },
    {
      "id": "S-I-04",
      "before": {
        "q": 24,
        "r": -6
      },
      "after": {
        "q": 24,
        "r": -5
      }
    },
    {
      "id": "S-I-05",
      "before": {
        "q": 22,
        "r": 3
      },
      "after": {
        "q": 23,
        "r": 2
      }
    },
    {
      "id": "S-I-06",
      "before": {
        "q": 19,
        "r": -4
      },
      "after": {
        "q": 21,
        "r": -6
      }
    },
    {
      "id": "S-I-07",
      "before": {
        "q": 21,
        "r": -1
      },
      "after": {
        "q": 22,
        "r": -1
      }
    },
    {
      "id": "S-I-08",
      "before": {
        "q": 23,
        "r": -4
      },
      "after": {
        "q": 24,
        "r": -4
      }
    },
    {
      "id": "S-I-09",
      "before": {
        "q": 23,
        "r": -3
      },
      "after": {
        "q": 24,
        "r": -3
      }
    },
    {
      "id": "S-I-10",
      "before": {
        "q": 24,
        "r": -6
      },
      "after": {
        "q": 25,
        "r": -6
      }
    },
    {
      "id": "S-I-11",
      "before": {
        "q": 22,
        "r": 3
      },
      "after": {
        "q": 23,
        "r": 2
      }
    },
    {
      "id": "S-I-12",
      "before": {
        "q": 18,
        "r": 0
      },
      "after": {
        "q": 20,
        "r": -1
      }
    },
    {
      "id": "S-I-13",
      "before": {
        "q": 23,
        "r": 0
      },
      "after": {
        "q": 24,
        "r": -1
      }
    },
    {
      "id": "S-I-14",
      "before": {
        "q": 20,
        "r": 1
      },
      "after": {
        "q": 21,
        "r": 1
      }
    },
    {
      "id": "S-I-15",
      "before": {
        "q": 21,
        "r": -1
      },
      "after": {
        "q": 22,
        "r": -1
      }
    },
    {
      "id": "S-I-16",
      "before": {
        "q": 22,
        "r": -6
      },
      "after": {
        "q": 23,
        "r": -6
      }
    },
    {
      "id": "S-MOT-01",
      "before": {
        "q": 19,
        "r": 5
      },
      "after": {
        "q": 21,
        "r": 3
      }
    },
    {
      "id": "S-MOT-02",
      "before": {
        "q": 19,
        "r": -4
      },
      "after": {
        "q": 21,
        "r": -5
      }
    },
    {
      "id": "S-R-T07-G02-U01",
      "before": {
        "q": 31,
        "r": -8
      },
      "after": {
        "q": 30,
        "r": -7
      }
    },
    {
      "id": "S-R-T07-G02-U02",
      "before": {
        "q": 31,
        "r": -8
      },
      "after": {
        "q": 30,
        "r": -7
      }
    },
    {
      "id": "S-R-T10-G03-U01",
      "before": {
        "q": 31,
        "r": -11
      },
      "after": {
        "q": 31,
        "r": -10
      }
    },
    {
      "id": "S-R-T10-G03-U02",
      "before": {
        "q": 31,
        "r": -11
      },
      "after": {
        "q": 31,
        "r": -10
      }
    },
    {
      "id": "S-R-T10-G03-U03",
      "before": {
        "q": 30,
        "r": -5
      },
      "after": {
        "q": 29,
        "r": -4
      }
    },
    {
      "id": "S-TK-01",
      "before": {
        "q": 25,
        "r": 0
      },
      "after": {
        "q": 26,
        "r": -1
      }
    },
    {
      "id": "S-TK-02",
      "before": {
        "q": 23,
        "r": -4
      },
      "after": {
        "q": 24,
        "r": -4
      }
    },
    {
      "id": "S-TK-03",
      "before": {
        "q": 20,
        "r": 1
      },
      "after": {
        "q": 21,
        "r": 1
      }
    }
  ],
  "contactsBefore": [],
  "contactsAfter": []
}
