2026-09-29T01:42:01.167081075Z #3 [auth] library/node:pull render-prod/docker-mirror-repository/library/node:pull token for us-west1-docker.pkg.dev
2026-09-29T01:42:01.167083255Z #3 DONE 0.0s
2026-09-29T01:42:01.167084417Z 
2026-09-29T01:42:01.167085842Z #4 [auth] library/python:pull render-prod/docker-mirror-repository/library/python:pull token for us-west1-docker.pkg.dev
2026-09-29T01:42:01.167088023Z #4 DONE 0.0s
2026-09-29T01:42:01.317273017Z 
2026-09-29T01:42:01.31728769Z #5 [internal] load metadata for docker.io/library/python:3.12-slim-bookworm
2026-09-29T01:42:05.227692761Z #5 ...
2026-09-29T01:42:05.227710312Z 
2026-09-29T01:42:05.227713475Z #2 [internal] load metadata for docker.io/library/node:22-bookworm-slim
2026-09-29T01:42:05.227716319Z #2 DONE 5.4s
2026-09-29T01:42:05.377942026Z 
2026-09-29T01:42:05.377949569Z #5 [internal] load metadata for docker.io/library/python:3.12-slim-bookworm
2026-09-29T01:42:06.184829467Z #5 DONE 6.4s
2026-09-29T01:42:06.359760289Z 
2026-09-29T01:42:06.35976718Z #6 [internal] load .dockerignore
2026-09-29T01:42:06.359769051Z #6 transferring context: 124B done
2026-09-29T01:42:06.359770428Z #6 DONE 0.0s
2026-09-29T01:42:06.359771601Z 
2026-09-29T01:42:06.359772929Z #7 [internal] load build context
2026-09-29T01:42:06.35977437Z #7 transferring context: 14.47MB 0.1s done
2026-09-29T01:42:06.359775733Z #7 DONE 0.1s
2026-09-29T01:42:06.359777024Z 
2026-09-29T01:42:06.359779147Z #8 [stage-1 1/9] FROM docker.io/library/python:3.12-slim-bookworm@sha256:392307d22300de8b5986851a12d9176dfc0fc073e65bf6523ebd7dcbeb23564e
2026-09-29T01:42:06.359780913Z #8 resolve docker.io/library/python:3.12-slim-bookworm@sha256:392307d22300de8b5986851a12d9176dfc0fc073e65bf6523ebd7dcbeb23564e done
2026-09-29T01:42:10.892787617Z #8 extracting sha256:774043ccc8ccd0d0833a9ee0792142ab7ad93df971e59dd248fbf82db16d0150
2026-09-29T01:42:11.343288701Z #8 extracting sha256:774043ccc8ccd0d0833a9ee0792142ab7ad93df971e59dd248fbf82db16d0150 0.5s done
2026-09-29T01:42:11.343303014Z #8 extracting sha256:1c5e03f304918f89aed0c098c8f4b6f163f7bf9d2702991696bf0132a2853e30
2026-09-29T01:42:11.642740447Z #8 extracting sha256:1c5e03f304918f89aed0c098c8f4b6f163f7bf9d2702991696bf0132a2853e30 0.3s done
2026-09-29T01:42:11.642754684Z #8 extracting sha256:a2e58067964fcd8f46a6b5992975e9c8ab34e7620d96204e08e99bf0fdf4dab8
2026-09-29T01:42:11.943814534Z #8 extracting sha256:a2e58067964fcd8f46a6b5992975e9c8ab34e7620d96204e08e99bf0fdf4dab8 0.3s done
2026-09-29T01:42:11.943829223Z #8 extracting sha256:7c6fab1667eb7d9029684d783e4c127f11dd7ed5120829f875b799a0b9431558 done
2026-09-29T01:42:11.943830978Z #8 DONE 5.6s
2026-09-29T01:42:11.943832276Z 
2026-09-29T01:42:11.943834191Z #9 [node 1/1] FROM docker.io/library/node:22-bookworm-slim@sha256:43ac6c60b8f89723f746e8a92ce91abd5017e627ce1ddfe4238355d3a30b772c
2026-09-29T01:42:11.943836012Z #9 resolve docker.io/library/node:22-bookworm-slim@sha256:43ac6c60b8f89723f746e8a92ce91abd5017e627ce1ddfe4238355d3a30b772c done
2026-09-29T01:42:11.943840867Z #9 extracting sha256:8ab8fd6c944526e5da2ca93b1663b2ab6f4bb8d4ea7b50a90d53c9fdcc5b0b9e 0.3s done
2026-09-29T01:42:14.31615039Z #9 extracting sha256:61592f5b60306b96e5208206668cdf0fa62d3cda3a3baeed26efdcd1a21aaba5
2026-09-29T01:42:15.118649215Z #9 extracting sha256:61592f5b60306b96e5208206668cdf0fa62d3cda3a3baeed26efdcd1a21aaba5 1.0s done
2026-09-29T01:42:15.118665228Z #9 DONE 8.9s
2026-09-29T01:42:15.276548037Z 
2026-09-29T01:42:15.276566708Z #9 [node 1/1] FROM docker.io/library/node:22-bookworm-slim@sha256:43ac6c60b8f89723f746e8a92ce91abd5017e627ce1ddfe4238355d3a30b772c
2026-09-29T01:42:15.276569819Z #9 extracting sha256:8d9d84ee31888adba85837fbf8f0e6eca99263904b2ba04d79e7d4fc1da40056 0.0s done
2026-09-29T01:42:15.276571476Z #9 extracting sha256:dc40c63c08b5453854c13da6d72b3182737b2e223156b786c67779e0d6f4e8e0 done
2026-09-29T01:42:15.276572873Z #9 DONE 9.0s
2026-09-29T01:42:15.276574354Z 
2026-09-29T01:42:15.276576082Z #10 [stage-1 2/9] COPY --from=node /usr/local/bin/node /usr/local/bin/node
2026-09-29T01:42:15.381802946Z #10 DONE 0.1s
2026-09-29T01:42:15.381810215Z 
2026-09-29T01:42:15.381812178Z #11 [stage-1 3/9] COPY --from=node /usr/local/lib/node_modules /usr/local/lib/node_modules
2026-09-29T01:42:15.601274311Z #11 DONE 0.2s
2026-09-29T01:42:15.752068121Z 
2026-09-29T01:42:15.752075966Z #12 [stage-1 4/9] RUN ln -s /usr/local/lib/node_modules/npm/bin/npm-cli.js /usr/local/bin/npm && npm install --global typescript@5.7.3
2026-09-29T01:42:16.52097513Z #12 0.919 
2026-09-29T01:42:16.520984367Z #12 0.919 added 1 package in 814ms
2026-09-29T01:42:16.623567236Z #12 0.920 npm notice
2026-09-29T01:42:16.623582223Z #12 0.920 npm notice New major version of npm available! 10.9.9 -> 12.1.0
2026-09-29T01:42:16.623584567Z #12 0.920 npm notice Changelog: https://github.com/npm/cli/releases/tag/v12.1.0
2026-09-29T01:42:16.623587203Z #12 0.920 npm notice To update run: npm install -g npm@12.1.0
2026-09-29T01:42:16.623589915Z #12 0.920 npm notice
2026-09-29T01:42:16.623591871Z #12 DONE 1.0s
2026-09-29T01:42:16.623593635Z 
2026-09-29T01:42:16.623595919Z #13 [stage-1 5/9] WORKDIR /app
2026-09-29T01:42:16.62359775Z #13 DONE 0.0s
2026-09-29T01:42:16.779211003Z 
2026-09-29T01:42:16.779217745Z #14 [stage-1 6/9] COPY requirements.txt .
2026-09-29T01:42:16.779219382Z #14 DONE 0.0s
2026-09-29T01:42:16.779220679Z 
2026-09-29T01:42:16.779222159Z #15 [stage-1 7/9] RUN pip install --no-cache-dir -r requirements.txt
2026-09-29T01:42:18.113760398Z #15 1.485 Collecting numpy==2.3.5 (from -r requirements.txt (line 1))
2026-09-29T01:42:18.268778224Z #15 1.523   Downloading numpy-2.3.5-cp312-cp312-manylinux_2_27_x86_64.manylinux_2_28_x86_64.whl.metadata (62 kB)
2026-09-29T01:42:18.268783061Z #15 1.640 Collecting scipy==1.17.0 (from -r requirements.txt (line 2))
2026-09-29T01:42:18.372681632Z #15 1.645   Downloading scipy-1.17.0-cp312-cp312-manylinux_2_27_x86_64.manylinux_2_28_x86_64.whl.metadata (62 kB)
2026-09-29T01:42:18.372687918Z #15 1.679 Downloading numpy-2.3.5-cp312-cp312-manylinux_2_27_x86_64.manylinux_2_28_x86_64.whl (16.6 MB)
2026-09-29T01:42:18.372690846Z #15 1.738    ━━━━━━━━━━━━━━━━━━━━━━━━━━━━━━━━━━━━━━━━ 16.6/16.6 MB 300.2 MB/s eta 0:00:00
2026-09-29T01:42:18.372692438Z #15 1.744 Downloading scipy-1.17.0-cp312-cp312-manylinux_2_27_x86_64.manylinux_2_28_x86_64.whl (35.0 MB)
2026-09-29T01:42:18.835712185Z #15 1.969    ━━━━━━━━━━━━━━━━━━━━━━━━━━━━━━━━━━━━━━━━ 35.0/35.0 MB 156.1 MB/s eta 0:00:00
2026-09-29T01:42:18.835724262Z #15 2.057 Installing collected packages: numpy, scipy
2026-09-29T01:42:23.998071811Z #15 7.369 Successfully installed numpy-2.3.5 scipy-1.17.0
2026-09-29T01:42:24.111079843Z #15 7.370 WARNING: Running pip as the 'root' user can result in broken permissions and conflicting behaviour with the system package manager, possibly rendering your system unusable. It is recommended to use a virtual environment instead: https://pip.pypa.io/warnings/venv. Use the --root-user-action option if you know what you are doing and want to suppress this warning.
2026-09-29T01:42:24.111104122Z #15 7.482 
2026-09-29T01:42:24.111107252Z #15 7.482 [notice] A new release of pip is available: 25.0.1 -> 26.2.1
2026-09-29T01:42:24.111109759Z #15 7.482 [notice] To update, run: pip install --upgrade pip
2026-09-29T01:42:24.271643657Z #15 DONE 7.6s
2026-09-29T01:42:24.2716587Z 
2026-09-29T01:42:24.271661338Z #16 [stage-1 8/9] COPY . .
2026-09-29T01:42:24.271662856Z #16 DONE 0.1s
2026-09-29T01:42:24.42283322Z 
2026-09-29T01:42:24.422851449Z #17 [stage-1 9/9] RUN python restore-fixtures.py && tsc -p core/tsconfig.json && useradd --uid 10001 --create-home sandboxuser && chown -R sandboxuser:sandboxuser /app
2026-09-29T01:42:24.801418157Z #17 0.529 All fixture and font hashes verified
2026-09-29T01:42:26.278613781Z #17 DONE 2.0s
2026-09-29T01:42:26.429768038Z 
2026-09-29T01:42:26.429782378Z #18 exporting to image
2026-09-29T01:42:26.429784269Z #18 exporting layers
2026-09-29T01:42:27.595237874Z #18 exporting layers 1.3s done
2026-09-29T01:42:27.757762017Z #18 pushing layers
2026-09-29T01:42:31.33269873Z #18 pushing layers 3.7s done
2026-09-29T01:42:31.497041773Z #18 DONE 5.2s
2026-09-29T01:42:31.497048713Z 
2026-09-29T01:42:31.497050644Z #19 exporting cache to registry
2026-09-29T01:42:31.497052353Z #19 sending cache export
2026-09-29T01:42:32.827045061Z #19 sending cache export 5.2s done
2026-09-29T01:42:32.82705759Z #19 DONE 5.2s
2026-09-29T01:42:34.880726131Z ==> Deploying...
2026-09-29T01:42:39.738229125Z /bin/sh: 1: test "$RENDER_GIT_COMMIT" = "9cf0e5fb7fac27e16b2700559716b590e81957b7"; case "$RENDER_EXTERNAL_URL" in https://*.onrender.com) ;; *) echo "Missing or invalid Render HTTPS URL" >&2; exit 1;; esac; export PUBLIC_ORIGIN="$RENDER_EXTERNAL_URL"; exec python online.py: not found
2026-09-29T01:42:44.036495833Z /bin/sh: 1: test "$RENDER_GIT_COMMIT" = "9cf0e5fb7fac27e16b2700559716b590e81957b7"; case "$RENDER_EXTERNAL_URL" in https://*.onrender.com) ;; *) echo "Missing or invalid Render HTTPS URL" >&2; exit 1;; esac; export PUBLIC_ORIGIN="$RENDER_EXTERNAL_URL"; exec python online.py: not found
2026-09-29T01:42:44.819154949Z ==> Exited with status 127
2026-09-29T01:42:44.821686354Z ==> Common ways to troubleshoot your deploy: https://render.com/docs/troubleshooting-deploys
2026-09-29T01:42:45.06786052Z ==> Instance srv-dathekek1f9s7389ksvg-gr9xp restarted
2026-09-29T01:42:54.94287924Z /bin/sh: 1: test "$RENDER_GIT_COMMIT" = "9cf0e5fb7fac27e16b2700559716b590e81957b7"; case "$RENDER_EXTERNAL_URL" in https://*.onrender.com) ;; *) echo "Missing or invalid Render HTTPS URL" >&2; exit 1;; esac; export PUBLIC_ORIGIN="$RENDER_EXTERNAL_URL"; exec python online.py: not found
2026-09-29T01:42:55.164398222Z ==> Instance srv-dathekek1f9s7389ksvg-gr9xp restarted
2026-09-29T01:43:43.409977692Z ==>(B Cloning from https://github.com/jnmbys/eastfront-web-preview(B
2026-09-29T01:43:53.065299036Z ==>(B Checking out commit 9cf0e5fb7fac27e16b2700559716b590e81957b7 in branch supply-render-candidate(B
2026-09-29T01:43:55.462967345Z #1 [internal] load build definition from Dockerfile
2026-09-29T01:43:55.462974936Z #1 transferring dockerfile: 729B done
2026-09-29T01:43:55.462976571Z #1 DONE 0.0s
2026-09-29T01:43:55.46297791Z 
2026-09-29T01:43:55.462979702Z #2 [internal] load metadata for docker.io/library/node:22-bookworm-slim
2026-09-29T01:43:56.671923428Z #2 ...
2026-09-29T01:43:56.671937812Z 
2026-09-29T01:43:56.671939974Z #3 [auth] library/python:pull render-prod/docker-mirror-repository/library/python:pull token for us-west1-docker.pkg.dev
2026-09-29T01:43:56.671942319Z #3 DONE 0.0s
2026-09-29T01:43:56.671943583Z 
2026-09-29T01:43:56.671945214Z #4 [auth] library/node:pull render-prod/docker-mirror-repository/library/node:pull token for us-west1-docker.pkg.dev
2026-09-29T01:43:56.671946567Z #4 DONE 0.0s
2026-09-29T01:43:56.822135509Z 
2026-09-29T01:43:56.822155007Z #5 [internal] load metadata for docker.io/library/python:3.12-slim-bookworm
2026-09-29T01:44:00.906176106Z #5 ...
2026-09-29T01:44:00.906191299Z 
2026-09-29T01:44:00.906193555Z #2 [internal] load metadata for docker.io/library/node:22-bookworm-slim
2026-09-29T01:44:00.906199113Z #2 DONE 5.6s
2026-09-29T01:44:01.056445485Z 
2026-09-29T01:44:01.05645771Z #5 [internal] load metadata for docker.io/library/python:3.12-slim-bookworm
2026-09-29T01:44:01.962797206Z #5 DONE 6.7s
2026-09-29T01:44:02.077751954Z 
2026-09-29T01:44:02.07775929Z #6 [internal] load .dockerignore
2026-09-29T01:44:02.077761568Z #6 transferring context: 124B done
2026-09-29T01:44:02.077763007Z #6 DONE 0.0s
2026-09-29T01:44:02.077764277Z 
2026-09-29T01:44:02.077765731Z #7 [internal] load build context
2026-09-29T01:44:02.077767108Z #7 DONE 0.0s
2026-09-29T01:44:02.077768233Z 
2026-09-29T01:44:02.07777031Z #8 [stage-1 1/9] FROM docker.io/library/python:3.12-slim-bookworm@sha256:392307d22300de8b5986851a12d9176dfc0fc073e65bf6523ebd7dcbeb23564e
2026-09-29T01:44:02.077771994Z #8 resolve docker.io/library/python:3.12-slim-bookworm@sha256:392307d22300de8b5986851a12d9176dfc0fc073e65bf6523ebd7dcbeb23564e done
2026-09-29T01:44:02.077773286Z #8 DONE 0.0s
2026-09-29T01:44:02.077774447Z 
2026-09-29T01:44:02.077775831Z #9 [node 1/1] FROM docker.io/library/node:22-bookworm-slim@sha256:43ac6c60b8f89723f746e8a92ce91abd5017e627ce1ddfe4238355d3a30b772c
2026-09-29T01:44:02.077777495Z #9 resolve docker.io/library/node:22-bookworm-slim@sha256:43ac6c60b8f89723f746e8a92ce91abd5017e627ce1ddfe4238355d3a30b772c done
2026-09-29T01:44:02.07777877Z #9 DONE 0.0s
2026-09-29T01:44:02.077779951Z 
2026-09-29T01:44:02.077781269Z #10 importing cache manifest
2026-09-29T01:44:02.077782848Z #10 inferred cache manifest type: application/vnd.oci.image.manifest.v1+json done
2026-09-29T01:44:02.077784132Z #10 DONE 0.1s
2026-09-29T01:44:02.177929433Z 
2026-09-29T01:44:02.177938674Z #7 [internal] load build context
2026-09-29T01:44:02.177940838Z #7 transferring context: 14.47MB 0.1s done
2026-09-29T01:44:02.177942261Z #7 DONE 0.1s
2026-09-29T01:44:02.177943431Z 
2026-09-29T01:44:02.177944756Z #11 [stage-1 8/9] COPY . .
2026-09-29T01:44:02.177946277Z #11 CACHED
2026-09-29T01:44:02.177947687Z 
2026-09-29T01:44:02.177949367Z #12 [stage-1 2/9] COPY --from=node /usr/local/bin/node /usr/local/bin/node
2026-09-29T01:44:02.177950748Z #12 CACHED
2026-09-29T01:44:02.177951932Z 
2026-09-29T01:44:02.177953321Z #13 [stage-1 6/9] COPY requirements.txt .
2026-09-29T01:44:02.177954549Z #13 CACHED
2026-09-29T01:44:02.177955778Z 
2026-09-29T01:44:02.177963459Z #14 [stage-1 3/9] COPY --from=node /usr/local/lib/node_modules /usr/local/lib/node_modules
2026-09-29T01:44:02.177965277Z #14 CACHED
2026-09-29T01:44:02.1779664Z 
2026-09-29T01:44:02.177968282Z #15 [stage-1 7/9] RUN pip install --no-cache-dir -r requirements.txt
2026-09-29T01:44:02.177969595Z #15 CACHED
2026-09-29T01:44:02.177970781Z 
2026-09-29T01:44:02.177972422Z #16 [stage-1 4/9] RUN ln -s /usr/local/lib/node_modules/npm/bin/npm-cli.js /usr/local/bin/npm && npm install --global typescript@5.7.3
2026-09-29T01:44:02.177973744Z #16 CACHED
2026-09-29T01:44:02.177974868Z 
2026-09-29T01:44:02.177983818Z #17 [stage-1 5/9] WORKDIR /app
2026-09-29T01:44:02.177985191Z #17 CACHED
2026-09-29T01:44:02.177986338Z 
2026-09-29T01:44:02.177994629Z #18 [stage-1 9/9] RUN python restore-fixtures.py && tsc -p core/tsconfig.json && useradd --uid 10001 --create-home sandboxuser && chown -R sandboxuser:sandboxuser /app
2026-09-29T01:44:02.177996919Z #18 CACHED
2026-09-29T01:44:02.17799924Z 
2026-09-29T01:44:02.178001498Z #19 exporting to image
2026-09-29T01:44:02.178003522Z #19 exporting layers done
2026-09-29T01:44:02.29348583Z #19 pushing layers
2026-09-29T01:44:02.508760331Z #19 pushing layers 0.2s done
2026-09-29T01:44:02.508770396Z #19 DONE 0.2s
2026-09-29T01:44:02.508772173Z 
2026-09-29T01:44:02.508773588Z #20 exporting cache to registry
2026-09-29T01:44:02.508775317Z #20 sending cache export 0.3s done
2026-09-29T01:44:02.508776669Z #20 DONE 0.3s
2026-09-29T01:44:04.296765947Z ==> Deploying...
2026-09-29T01:44:12.084282449Z SUPPLY-UX-007 ready on 0.0.0.0:10000
2026-09-29T01:44:15.792416795Z ==> Your service is live 🎉
2026-09-29T01:44:16.050986761Z ==> 
2026-09-29T01:44:16.054238741Z ==> ///////////////////////////////////////////////////////////
2026-09-29T01:44:16.056791987Z ==> 
2026-09-29T01:44:16.059372824Z ==> Available at your primary URL https://eastfront-supply-sandbox.onrender.com
2026-09-29T01:44:16.062972772Z ==> 
2026-09-29T01:44:16.065439283Z ==> ///////////////////////////////////////////////////////////
