✔ AI003 browser-portable observation hashes remain exactly SHA256 (14.682118ms)
✔ AI003 both human sides attack, AI owns reaction/retreat despite human active turn (303.706549ms)
✔ AI003 scripted AI attack yields to human reaction and loss, then resumes required owner only (461.458779ms)
✔ AI003 advance and breakthrough continue through the normal human Action path (213.955466ms)
✔ AI003 real turn-four reinforcement scenario and terminal scenario use replayed campaign Actions (6737.56579ms)
✔ AI003 policy stop and rejection limit preserve state; takeover changes recipient explicitly (254.195666ms)
✔ AI003 duplicate, old revision, wrong owner and forged invisible target cannot mutate or reroll (75.56708ms)
✔ AI003 Worker channel carries authorized DTOs only; stale epochs ignored and cancellation terminates old work (279.717921ms)
✔ AI003 actual client/session bridge enforces single-flight submission and clears seat caches on takeover (95.367733ms)
✔ AI003 late worker replies after exit or worker failure never replace the visible snapshot (53.711153ms)
✔ AI003 cold entry awaits existing terrain boot and cancelled starts cannot create a Worker (425.383228ms)
✔ PERF004 all 32 deployment masks and recon overlays match original RGBA exactly; viewer switch remains private (820.886103ms)
✔ PERF004 panel ancestors never detach, roster listeners remain single, and latest confirmed selection is retained (1621.474229ms)
✔ PERF004 Presence retains unrelated models and definitions, updates stacked anchors/order identically to fresh render, and clears viewer state (1086.512754ms)
ℹ tests 14
ℹ suites 0
ℹ pass 14
ℹ fail 0
ℹ cancelled 0
ℹ skipped 0
ℹ todo 0
ℹ duration_ms 9064.912715
