[
  {
    round: 0,
    label: 'before',
    accepted: 33,
    hash: 'a7331e7c066d37975b9adae0ad1f865a37f8cdf5f7002d5914e47985f133ae1a',
    createdNodes: 65,
    maxMs: {
      snapshot: 14.574404999999956,
      policy: 2.0249039999999923,
      thinkInclusive: 53.413005999999996,
      cloneNodeOnly: 3.479889999999841,
      stateApply: 0.370900000000006,
      renderModel: 0.015313999999989392,
      mapUpdateSoftware: 10.46180499999997
    }
  },
  {
    round: 0,
    label: 'after',
    accepted: 33,
    hash: 'a7331e7c066d37975b9adae0ad1f865a37f8cdf5f7002d5914e47985f133ae1a',
    createdNodes: 65,
    maxMs: {
      snapshot: 7.924654000000373,
      policy: 1.3974280000002182,
      thinkInclusive: 53.05950400000006,
      cloneNodeOnly: 3.261800000000221,
      stateApply: 0.3692369999998846,
      renderModel: 0.012419000000136293,
      mapUpdateSoftware: 0.778423999999859
    }
  },
  {
    round: 1,
    label: 'after',
    accepted: 33,
    hash: 'a7331e7c066d37975b9adae0ad1f865a37f8cdf5f7002d5914e47985f133ae1a',
    createdNodes: 65,
    maxMs: {
      snapshot: 8.08977399999958,
      policy: 0.9180240000005142,
      thinkInclusive: 47.51195000000007,
      cloneNodeOnly: 4.155628999999863,
      stateApply: 0.05829799999992247,
      renderModel: 0.006458999999267689,
      mapUpdateSoftware: 0.7986549999995987
    }
  },
  {
    round: 1,
    label: 'before',
    accepted: 33,
    hash: 'a7331e7c066d37975b9adae0ad1f865a37f8cdf5f7002d5914e47985f133ae1a',
    createdNodes: 65,
    maxMs: {
      snapshot: 10.708642999999938,
      policy: 2.4713080000001355,
      thinkInclusive: 48.42015100000026,
      cloneNodeOnly: 3.21721400000024,
      stateApply: 0.07779699999991863,
      renderModel: 0.019398999999793887,
      mapUpdateSoftware: 5.492165000000568
    }
  },
  {
    round: 2,
    label: 'before',
    accepted: 33,
    hash: 'a7331e7c066d37975b9adae0ad1f865a37f8cdf5f7002d5914e47985f133ae1a',
    createdNodes: 65,
    maxMs: {
      snapshot: 7.929352000000108,
      policy: 0.9879310000005717,
      thinkInclusive: 44.01009799999974,
      cloneNodeOnly: 3.1053540000002613,
      stateApply: 0.07266900000013266,
      renderModel: 0.007000999999945634,
      mapUpdateSoftware: 0.6636809999999969
    }
  },
  {
    round: 2,
    label: 'after',
    accepted: 33,
    hash: 'a7331e7c066d37975b9adae0ad1f865a37f8cdf5f7002d5914e47985f133ae1a',
    createdNodes: 65,
    maxMs: {
      snapshot: 9.288520999999491,
      policy: 2.448474000000715,
      thinkInclusive: 64.71268599999894,
      cloneNodeOnly: 4.221808999999666,
      stateApply: 0.058818999999857624,
      renderModel: 0.009495000000242726,
      mapUpdateSoftware: 1.9647640000002866
    }
  }
]
