✔ UX3 actual buttons show waiting before dispatch, authorized dice persist and history never replays or mutates RNG (37.855065ms)
✔ UX3 new authorized event animates once; duplicate, history, refresh bootstrap, resync and reduced motion are static (6.269132ms)
✔ UX3 viewer isolation and absent authorized model never synthesize dice or use another viewer cache (5.043553ms)
✔ UX3 a new pending battle hides old result; later consecutive result matches its own ID and details (4.861159ms)
✔ UX3 pending consequences use actual requirement fields, not an invented completed loss ledger (6.207851ms)
✔ UX3 multi-attacker UI result is identical to Core and remains closable during follow-up choices (21.778939ms)
✔ UX3 bilingual results preserve dice and no modifier is labelled as dice arithmetic (5.97418ms)
✔ UX3 implementation stays within authorized DTOs, light CSS and local history controls (0.933362ms)
✔ zh-CN is the default player language (1.312921ms)
✔ zh-CN and en-US cover every stable key with identical interpolation parameters (3.497591ms)
✔ English fallback, missing key and missing parameter detection are explicit (0.241252ms)
✔ all canonical player-facing enums and validation codes have mappings (1.930088ms)
✔ stored feedback and Core rejections translate at render time, retaining identifiers (26.979567ms)
✔ language preference persists when available and works when storage is denied (2.425632ms)
✔ real language change handler preserves GameState, RNG, camera, drafts and scroll positions (38.72417ms)
✔ Chinese production flow: new game, deployment confirmation, movement plan, attack preview, resolve, end phase; same state as English (2044.829293ms)
✔ every pending Combat UX panel and all actual phases render Chinese with CRT codes retained (871.868156ms)
✔ language changes leave the next dice sequence identical; New Game still requests fresh seeds independently of terrain (8.851559ms)
✔ counter mechanics and symbols are identical across locales; only accessible text changes (0.917918ms)
✔ main render and binding preserve the existing camera transform during language switching (33.000496ms)
✔ fatal-screen messages also retranslate without changing diagnostics (0.589234ms)
✔ UA002 MOVE has lift, eased travel and arrival settle at the identical canonical destination (29.638599ms)
✔ UA002 RETREAT follows the accepted Core path and exact destination (35.823956ms)
✔ UA002 ADVANCE follows the accepted Core path and exact destination (27.682191ms)
✔ UA002 BREAKTHROUGH follows the accepted Core path and exact destination (26.989037ms)
✔ UA002 travel profiles are observably distinct and never overshoot canonical segments (23.499513ms)
✔ UA002 fire occurs only after accepted CRT resolution; rejected actions and unresolved choices have no fire (11.923011ms)
✔ UA002 all three actual attackers fire with bounded stagger and real unit-type character (10.65751ms)
✔ UA002 hit changes only transient rendering, then restores canonical Counter damage artwork (26.572956ms)
✔ UA002 destroyed ghost and descendants have no gameplay identity, focus or pointer target (7.618829ms)
✔ UA002 Skip during firing settles to canonical presence/absence without residual DOM (6.405988ms)
✔ UA002 Skip during hit settles to canonical presence/absence without residual DOM (7.396715ms)
✔ UA002 Skip during destroyed settles to canonical presence/absence without residual DOM (6.647871ms)
✔ UA002 normal, fast, instant and reduced motion preserve byte-identical tactical GameState and RNG (99.37118ms)
✔ UA002 battle playback consumes no gameplay RNG, entropy, Core query or GameState read (13.824296ms)
✔ UA002 live camera zoom selects effect LOD without camera transforms or layout reads per frame (8.038709ms)
✔ UA002 Combat UX2.1 actual DOM bindings retain duplicate-submit protection and map multi-selection (22.109616ms)
✔ UA002 frozen baseline with explicitly recorded FOW projection integration (1.817278ms)
✔ UA002 battle frames only update active units and reusable effect paths; no SVG rebuild or terrain writes (24.945053ms)
✔ UA002 ghost/effect cleanup survives repeated remount, new game, hidden map, disposal and pagehide Skip hook (32.017236ms)
✔ UA002 language switching during fire, hit and destroyed retains exact playback and complete state (18.868704ms)
✔ UA002 ordinary single and three-attacker sequences remain short at normal/fast speeds (34.327509ms)
✔ UA002 instant destruction never leaves an interactive corpse or a pending frame (5.100968ms)
✔ UA002 explicit parallel fire/move conflict serializes the shared attacker (5.068561ms)
✔ UA003 far LOD preserves Counter and selects the expected presence detail (11.961649ms)
✔ UA003 medium LOD preserves Counter and selects the expected presence detail (2.466794ms)
✔ UA003 close LOD preserves Counter and selects the expected presence detail (2.847386ms)
✔ UA003 idle zoom changes LOD through the existing camera scalar and disconnects observers (2.954195ms)
✔ UA003 every actual template maps to an existing original visual family; no invented types (18.922209ms)
✔ UA003 faction colors are deterministic and independent of locale and RNG (7.616786ms)
✔ UA003 presence cannot intercept pointer/touch, focus, accessibility, or gameplay routing (1.383477ms)
✔ UA003 presence paints behind every Counter; identity, NATO symbol, stats, damage and selection remain identical (1.722876ms)
✔ UA003 two-unit stack uses each exact Counter anchor with separate pedestal positions (1.472701ms)
✔ UA003 MOVE follows the existing anchor on every frame and settles to exact Counter destination (11.889181ms)
✔ UA003 retreat stays synchronized on the accepted tactical path (28.700521ms)
✔ UA003 advance stays synchronized on the accepted tactical path (21.637105ms)
✔ UA003 breakthrough stays synchronized on the accepted tactical path (21.024806ms)
✔ UA003 no fire from selection, rejected action or unresolved combat declaration (3.800296ms)
✔ UA003 three accepted attackers all fire, using their target directions and existing stagger (10.118151ms)
✔ UA003 attacker support fires only when resolved context proves it participated (6.776033ms)
✔ UA003 defensive support targets the actual attacker without changing attack group (9.629769ms)
✔ UA003 hit feedback leaves step, GameState and Counter damage artwork unchanged (21.394652ms)
✔ UA003 destroyed presence is inert immediately after accepted death and fully removed at completion (5.452747ms)
✔ UA003 Skip during fire removes transient presence and retains canonical survivors (5.297624ms)
✔ UA003 Skip during hit removes transient presence and retains canonical survivors (5.465215ms)
✔ UA003 Skip during destroyed removes transient presence and retains canonical survivors (6.092057ms)
✔ UA003 Normal/Fast/Instant/reduced-motion yield identical final presence DOM and GameState (92.55405ms)
✔ UA003 frame playback reads no GameState, gameplay RNG, entropy or layout (8.271719ms)
✔ UA003 camera attributes and inactive units do not change during combat (8.630297ms)
✔ UA003 Combat UX2.1 actual UI bindings preserve three clicks and duplicate protection (18.744989ms)
✔ UA003 repeated remount/hidden/new game/disposal removes old companion nodes and pending runtime state (43.233981ms)
✔ UA003 language remount preserves full presence state and GameState during fire (10.392863ms)
✔ UA003 animation does not build terrain, clone SVG, or allocate companion elements per frame (7.970347ms)
✔ UA003 frozen baseline with explicitly recorded FOW projection integration (35.048166ms)
✔ UA003 slow pinch near LOD thresholds does not flicker or create nodes (0.224307ms)
✔ UA003 heavy tank respects the existing smaller stacked Counter footprint (6.565658ms)
✔ UA003R1 enlarged models, ground shadows and ghosts stay inert across every LOD (38.916118ms)
✔ UA003R1 composition leaves all canonical Counter, NATO, damage, selection and touch markup byte-identical (15.396877ms)
✔ UA003R3 stack retains canonical Counter anchors and centers model ground on its owning hex (3.365443ms)
✔ UA003R1 major family profiles occupy readable Medium/Close widths without spanning a full adjacent hex (28.745819ms)
✔ UA003R1 Move and tactical playback settle to exactly the same canonical Counter and grounded composition after skip/Instant (90.691764ms)
✔ UA003R1 grounded playback consumes no gameplay RNG and makes no frame-time Core reads (8.471349ms)
✔ UA003R1 arriving into a stack interpolates display composition without a first-frame jump or remount reset (5.479286ms)
✔ UA003R1 a real VS2 cache is unchanged by enlarged models, zoom LOD, fire and repeated remount (6380.765123ms)
✔ UA003R1 frozen baseline with explicitly recorded FOW integration and player/observer fixture updates (26.714178ms)
ℹ tests 85
ℹ suites 0
ℹ pass 85
ℹ fail 0
ℹ cancelled 0
ℹ skipped 0
ℹ todo 0
ℹ duration_ms 6733.985205
