recovered-unit-attack 129 END_PHASE GERMAN_MOVEMENT None
recovered-unit-attack 130 MOVE GERMAN_MOVEMENT None
recovered-unit-attack 131 END_PHASE GERMAN_COMBAT None
recovered-unit-attack 132 ATTACK GERMAN_COMBAT RETREAT
recovered-unit-attack 133 RETREAT GERMAN_COMBAT None
recovered-unit-attack 134 END_PHASE GERMAN_RECOVERY None
recovered-unit-attack 135 END_PHASE GERMAN_ENTRENCHMENT None
recovered-unit-attack 136 END_PHASE SOVIET_REINFORCEMENT_SUPPLY None
recovered-unit-attack 137 DEPLOY_REINFORCEMENT SOVIET_REINFORCEMENT_SUPPLY None
recovered-unit-attack 138 DEPLOY_REINFORCEMENT SOVIET_REINFORCEMENT_SUPPLY None
recovered-unit-attack 139 DEPLOY_REINFORCEMENT SOVIET_REINFORCEMENT_SUPPLY None
recovered-unit-attack 140 END_PHASE SOVIET_MOVEMENT None
recovered-unit-attack 141 END_PHASE SOVIET_COMBAT None
recovered-unit-attack 142 END_PHASE SOVIET_RECOVERY None
recovered-unit-attack 143 END_PHASE SOVIET_ENTRENCHMENT None
recovered-unit-attack 144 END_PHASE GERMAN_SUPPLY_RAIL None
recovered-unit-attack 145 END_PHASE GERMAN_MOVEMENT None
recovered-unit-attack 146 END_PHASE GERMAN_COMBAT None
recovered-unit-attack 147 END_PHASE GERMAN_RECOVERY None
recovered-unit-attack 148 END_PHASE GERMAN_ENTRENCHMENT None
