repaired-recovery 121 RAIL_REPAIR GERMAN_SUPPLY_RAIL None
repaired-recovery 122 END_PHASE GERMAN_MOVEMENT None
repaired-recovery 123 MOVE GERMAN_MOVEMENT None
repaired-recovery 124 END_PHASE GERMAN_COMBAT None
repaired-recovery 125 END_PHASE GERMAN_RECOVERY None
repaired-recovery 126 END_PHASE GERMAN_ENTRENCHMENT None
repaired-recovery 127 END_PHASE SOVIET_REINFORCEMENT_SUPPLY None
repaired-recovery 128 END_PHASE SOVIET_MOVEMENT None
repaired-recovery 129 END_PHASE SOVIET_COMBAT None
repaired-recovery 130 END_PHASE SOVIET_RECOVERY None
repaired-recovery 131 END_PHASE SOVIET_ENTRENCHMENT None
repaired-recovery 132 END_PHASE GERMAN_SUPPLY_RAIL None
repaired-recovery 133 END_PHASE GERMAN_MOVEMENT None
Traceback (most recent call last):
  File "/workspace/scratch/1dc165285827/campaign011/experiments/supply-exp-005/close011.py", line 129, in <module>
    u=next(u for u in r.b['logistics']['units'] if u['id']=='G-PZ-01');assert Fraction(u['debt'])==0,u
                                                                              ^^^^^^^^^^^^^^^^^^^^^^
AssertionError: {'id': 'G-PZ-01', 'node': 'A6', 'side': 'G', 'B': 8, 'stock': 0, 'cap': 32, 'target': 32, 'debt': '7/8', 'strength': 2, 'priority': 1, 'MP': 4, 'core_type': 'PANZER', 'core_controller': 'G-HUMAN-1', 'core_step': 1, 'attrition': '0'}
repaired-recovery 134 MOVE GERMAN_MOVEMENT None
repaired-recovery 135 END_PHASE GERMAN_COMBAT None
repaired-recovery 136 END_PHASE GERMAN_RECOVERY None
repaired-recovery 137 END_PHASE GERMAN_ENTRENCHMENT None
repaired-recovery 138 END_PHASE SOVIET_REINFORCEMENT_SUPPLY None
repaired-recovery 139 DEPLOY_REINFORCEMENT SOVIET_REINFORCEMENT_SUPPLY None
repaired-recovery 140 DEPLOY_REINFORCEMENT SOVIET_REINFORCEMENT_SUPPLY None
repaired-recovery 141 DEPLOY_REINFORCEMENT SOVIET_REINFORCEMENT_SUPPLY None
repaired-recovery 142 END_PHASE SOVIET_MOVEMENT None
repaired-recovery 143 END_PHASE SOVIET_COMBAT None
repaired-recovery 144 END_PHASE SOVIET_RECOVERY None
repaired-recovery 145 END_PHASE SOVIET_ENTRENCHMENT None
repaired-recovery 146 END_PHASE GERMAN_SUPPLY_RAIL None
repaired-recovery 147 END_PHASE GERMAN_MOVEMENT None
Traceback (most recent call last):
  File "/workspace/scratch/1dc165285827/campaign011/experiments/supply-exp-005/close011.py", line 137, in <module>
    u=next(u for u in r.b['logistics']['units'] if u['id']=='G-PZ-01');assert Fraction(u['debt'])==0,u
                                                                              ^^^^^^^^^^^^^^^^^^^^^^
AssertionError: {'id': 'G-PZ-01', 'node': 'A6', 'side': 'G', 'B': 8, 'stock': 0, 'cap': 32, 'target': 32, 'debt': '9/8', 'strength': 2, 'priority': 1, 'MP': 4, 'core_type': 'PANZER', 'core_controller': 'G-HUMAN-1', 'core_step': 1, 'attrition': '0'}
