{
  "scope": "Directed security/save plus existing real mid checkpoint; no rule changes",
  "checks": [
    "Unauthenticated static denied",
    "Unauthenticated seat denied",
    "Health has no state",
    "Wrong login rejected",
    "Login Origin enforced",
    "Owner authenticated",
    "Cross-origin command denied",
    "Unauthorized upgrade denied",
    "Manual save acknowledged only after write",
    "Duplicate save does not consume next command",
    "Production operation accepted",
    "Backup valid",
    "Restart paused and tick exact",
    "Restart inventory exact",
    "Restart command sequence preserved",
    "Old owner session revoked",
    "Old-era command rejected",
    "clean channel stays connected",
    "rtt1000 channel stays connected",
    "constrained channel stays connected",
    "All disconnected pauses world",
    "Offline no time progress",
    "Save error visibly pauses, never successful",
    "Corrupt/old save rejected, not overwritten"
  ],
  "profiles": [
    {
      "profile": "clean",
      "seconds": 12.012305000000001,
      "full": {
        "count": 2,
        "median": 916468,
        "max": 916468
      },
      "delta": {
        "count": 19,
        "median": 31000,
        "max": 43660
      },
      "bytesPerSecond": 44799.56178268867,
      "receiptMs": 599.6732000000002,
      "metrics": {
        "received": 28,
        "sent": 26,
        "receivedBytes": 3721,
        "sentBytes": 2409369,
        "resyncs": 1,
        "coalesced": 0,
        "connections": 1,
        "errors": 0,
        "peakUpMessages": 2,
        "peakUpBytes": 428,
        "peakDownMessages": 2,
        "peakDownBytes": 916626,
        "peakAuthorityQueue": 1,
        "up": {
          "messages": 28,
          "bytes": 3721,
          "peakMessages": 2,
          "peakBytes": 428,
          "queued": 0
        },
        "down": {
          "messages": 26,
          "bytes": 2409369,
          "peakMessages": 2,
          "peakBytes": 916626,
          "queued": 0
        },
        "outstandingResults": 1,
        "profile": "clean"
      },
      "tick": 48,
      "maxQueueMs": 382.83090000000084
    },
    {
      "profile": "rtt1000",
      "seconds": 12.0632752,
      "full": {
        "count": 3,
        "median": 916468,
        "max": 930342
      },
      "delta": {
        "count": 17,
        "median": 26267,
        "max": 38463
      },
      "bytesPerSecond": 36737.120943738395,
      "receiptMs": 1106.8629999999976,
      "metrics": {
        "received": 54,
        "sent": 49,
        "receivedBytes": 7013,
        "sentBytes": 3864172,
        "resyncs": 2,
        "coalesced": 0,
        "connections": 1,
        "errors": 0,
        "peakUpMessages": 3,
        "peakUpBytes": 492,
        "peakDownMessages": 3,
        "peakDownBytes": 930332,
        "peakAuthorityQueue": 1,
        "up": {
          "messages": 54,
          "bytes": 7013,
          "peakMessages": 3,
          "peakBytes": 492,
          "queued": 2
        },
        "down": {
          "messages": 49,
          "bytes": 3864172,
          "peakMessages": 3,
          "peakBytes": 930332,
          "queued": 0
        },
        "outstandingResults": 1,
        "profile": "rtt1000"
      },
      "tick": 66,
      "maxQueueMs": 687.0839999999989
    },
    {
      "profile": "constrained",
      "seconds": 12.001404299999995,
      "full": {
        "count": 4,
        "median": 928956,
        "max": 930342
      },
      "delta": {
        "count": 18,
        "median": 32079,
        "max": 88405
      },
      "bytesPerSecond": 58515.81885296542,
      "receiptMs": 479.20939999999973,
      "metrics": {
        "received": 78,
        "sent": 72,
        "receivedBytes": 10079,
        "sentBytes": 5565912,
        "resyncs": 3,
        "coalesced": 0,
        "connections": 1,
        "errors": 0,
        "peakUpMessages": 3,
        "peakUpBytes": 492,
        "peakDownMessages": 3,
        "peakDownBytes": 930332,
        "peakAuthorityQueue": 1,
        "up": {
          "messages": 78,
          "bytes": 10079,
          "peakMessages": 3,
          "peakBytes": 492,
          "queued": 0
        },
        "down": {
          "messages": 72,
          "bytes": 5565912,
          "peakMessages": 3,
          "peakBytes": 930332,
          "queued": 1
        },
        "outstandingResults": 1,
        "profile": "constrained"
      },
      "tick": 84,
      "maxQueueMs": 709.5875999999989
    }
  ],
  "peakRSS": 268107776
}
