npm warn Unknown env config "http-proxy". This will stop working in the next major version of npm.

added 5 packages in 372ms
npm warn Unknown env config "http-proxy". This will stop working in the next major version of npm.

> eastfront-web-preview@0.0.10 typecheck
> node ../../scripts/build-art-candidate.mjs --typecheck

npm warn Unknown env config "http-proxy". This will stop working in the next major version of npm.

> eastfront-web-preview@0.0.10 build
> node ../../scripts/build-art-candidate.mjs

Built candidate from TypeScript: /workspace/scratch/ce4f17f5d908/art-build-003-clean/task-source/ART-PREVIEW-002/dist
npm warn Unknown env config "http-proxy". This will stop working in the next major version of npm.

> eastfront-web-preview@0.0.10 test
> node --test tests/move001r1-state.test.mjs tests/art-prototype.test.mjs

✔ ART terrain covers each authorized cell exactly once without inventing classes (56.273464ms)
✔ ART river segments have actual shared endpoints and casing is globally below water (8.769797ms)
✔ ART bridge destroyed/intact are taken from supplied authorized field only (4.87947ms)
✔ ART rendering is nonmutating and introduces no unit or hidden identity (5.346404ms)
✔ ART empty authorized network produces no guessed bridge/route (0.226421ms)
✔ ART same-hex list reuses canonical selector and leaves MOVE001R1 target intent intact (16.50248ms)
✔ MOVE001R1 selecting a unit does not implicitly capture other friendly clicks (27.203199ms)
✔ MOVE001R1 existing completed move must release target selection (18.258769ms)
✔ MOVE001R1 full A -> friendly B -> confirm -> C -> confirm chain on all target surfaces (65.789611ms)
✔ MOVE001R1 exit before first step, cancel and final undo permit switching and same-hex selection (60.747808ms)
✔ MOVE001R1 full movement budget and rejected local move both release selection (26.099514ms)
ℹ tests 11
ℹ suites 0
ℹ pass 11
ℹ fail 0
ℹ cancelled 0
ℹ skipped 0
ℹ todo 0
ℹ duration_ms 1401.845192
npm warn Unknown env config "http-proxy". This will stop working in the next major version of npm.

> eastfront-web-preview@0.0.10 compare
> node ../../scripts/compare-art-build.mjs

{
  "acceptedCommit": "8778cb4f307c3d01f471ac2b326f8beef4c5f500",
  "acceptedFiles": 380,
  "rebuiltFiles": 380,
  "byteIdentical": false,
  "differences": [
    {
      "path": "app/main.js",
      "accepted": "03e361654712243222491c91ccf416aad62a6f5c79370a4e62d46de2d2cf7fe0",
      "rebuilt": "84301dba6a5d7cce2cbaaebe5f65229f90791cc7115351a0970760ca6baeb393",
      "parseErrors": [
        0,
        0
      ],
      "commentFreePrintedSyntaxEqual": true
    }
  ]
}
