#0 building with "default" instance using docker driver

#1 [internal] load build definition from Dockerfile
#1 transferring dockerfile: 729B 0.0s done
#1 DONE 0.0s

#2 [internal] load metadata for docker.io/library/node:22-bookworm-slim
#2 ...

#3 [auth] library/node:pull token for registry-1.docker.io
#3 DONE 0.0s

#4 [auth] library/python:pull token for registry-1.docker.io
#4 DONE 0.0s

#5 [internal] load metadata for docker.io/library/python:3.12-slim-bookworm
#5 DONE 0.8s

#2 [internal] load metadata for docker.io/library/node:22-bookworm-slim
#2 DONE 0.8s

#6 [internal] load .dockerignore
#6 transferring context: 124B done
#6 DONE 0.0s

#7 [node 1/1] FROM docker.io/library/node:22-bookworm-slim@sha256:43ac6c60b8f89723f746e8a92ce91abd5017e627ce1ddfe4238355d3a30b772c
#7 resolve docker.io/library/node:22-bookworm-slim@sha256:43ac6c60b8f89723f746e8a92ce91abd5017e627ce1ddfe4238355d3a30b772c done
#7 ...

#8 [internal] load build context
#8 transferring context: 14.56MB 0.1s done
#8 DONE 0.1s

#7 [node 1/1] FROM docker.io/library/node:22-bookworm-slim@sha256:43ac6c60b8f89723f746e8a92ce91abd5017e627ce1ddfe4238355d3a30b772c
#7 sha256:43ac6c60b8f89723f746e8a92ce91abd5017e627ce1ddfe4238355d3a30b772c 5.22kB / 5.22kB done
#7 sha256:25330af3531fb5e23318554a0aa911125b6e91b1b777edf7655501d207c067a2 1.93kB / 1.93kB done
#7 sha256:88f8ba583a884279252779bbe221bf1ff2c61cf236cc973f8ca97676ae6d07f0 6.77kB / 6.77kB done
#7 sha256:774043ccc8ccd0d0833a9ee0792142ab7ad93df971e59dd248fbf82db16d0150 0B / 28.24MB 0.1s
#7 sha256:774043ccc8ccd0d0833a9ee0792142ab7ad93df971e59dd248fbf82db16d0150 20.97MB / 28.24MB 0.2s
#7 sha256:774043ccc8ccd0d0833a9ee0792142ab7ad93df971e59dd248fbf82db16d0150 28.24MB / 28.24MB 0.4s done
#7 sha256:8ab8fd6c944526e5da2ca93b1663b2ab6f4bb8d4ea7b50a90d53c9fdcc5b0b9e 0B / 3.31kB 0.4s
#7 sha256:61592f5b60306b96e5208206668cdf0fa62d3cda3a3baeed26efdcd1a21aaba5 0B / 49.84MB 0.4s
#7 sha256:8d9d84ee31888adba85837fbf8f0e6eca99263904b2ba04d79e7d4fc1da40056 0B / 1.71MB 0.4s
#7 sha256:8ab8fd6c944526e5da2ca93b1663b2ab6f4bb8d4ea7b50a90d53c9fdcc5b0b9e 3.31kB / 3.31kB 0.4s done
#7 sha256:61592f5b60306b96e5208206668cdf0fa62d3cda3a3baeed26efdcd1a21aaba5 4.19MB / 49.84MB 0.5s
#7 sha256:dc40c63c08b5453854c13da6d72b3182737b2e223156b786c67779e0d6f4e8e0 0B / 446B 0.5s
#7 extracting sha256:774043ccc8ccd0d0833a9ee0792142ab7ad93df971e59dd248fbf82db16d0150 0.2s
#7 sha256:61592f5b60306b96e5208206668cdf0fa62d3cda3a3baeed26efdcd1a21aaba5 49.84MB / 49.84MB 0.7s
#7 sha256:8d9d84ee31888adba85837fbf8f0e6eca99263904b2ba04d79e7d4fc1da40056 1.71MB / 1.71MB 0.6s done
#7 sha256:dc40c63c08b5453854c13da6d72b3182737b2e223156b786c67779e0d6f4e8e0 446B / 446B 0.5s done
#7 sha256:61592f5b60306b96e5208206668cdf0fa62d3cda3a3baeed26efdcd1a21aaba5 49.84MB / 49.84MB 0.9s done
#7 extracting sha256:8ab8fd6c944526e5da2ca93b1663b2ab6f4bb8d4ea7b50a90d53c9fdcc5b0b9e
#7 extracting sha256:8ab8fd6c944526e5da2ca93b1663b2ab6f4bb8d4ea7b50a90d53c9fdcc5b0b9e done
#7 extracting sha256:61592f5b60306b96e5208206668cdf0fa62d3cda3a3baeed26efdcd1a21aaba5
#7 extracting sha256:61592f5b60306b96e5208206668cdf0fa62d3cda3a3baeed26efdcd1a21aaba5 1.5s done
#7 extracting sha256:8d9d84ee31888adba85837fbf8f0e6eca99263904b2ba04d79e7d4fc1da40056
#7 extracting sha256:8d9d84ee31888adba85837fbf8f0e6eca99263904b2ba04d79e7d4fc1da40056 0.0s done
#7 extracting sha256:dc40c63c08b5453854c13da6d72b3182737b2e223156b786c67779e0d6f4e8e0 done
#7 DONE 6.2s

#9 [stage-1 1/9] FROM docker.io/library/python:3.12-slim-bookworm@sha256:392307d22300de8b5986851a12d9176dfc0fc073e65bf6523ebd7dcbeb23564e
#9 resolve docker.io/library/python:3.12-slim-bookworm@sha256:392307d22300de8b5986851a12d9176dfc0fc073e65bf6523ebd7dcbeb23564e done
#9 sha256:febd0be41adb897a0ab8f1f1c693d8912669ea60c4940e076e9946b60e210ef0 5.68kB / 5.68kB done
#9 sha256:774043ccc8ccd0d0833a9ee0792142ab7ad93df971e59dd248fbf82db16d0150 28.24MB / 28.24MB 0.4s done
#9 sha256:1c5e03f304918f89aed0c098c8f4b6f163f7bf9d2702991696bf0132a2853e30 3.53MB / 3.53MB 0.4s done
#9 sha256:a2e58067964fcd8f46a6b5992975e9c8ab34e7620d96204e08e99bf0fdf4dab8 13.67MB / 13.67MB 0.2s done
#9 sha256:392307d22300de8b5986851a12d9176dfc0fc073e65bf6523ebd7dcbeb23564e 6.55kB / 6.55kB done
#9 sha256:1aaa65a85fda306ffb8b910824d4e93bdce61e212c7e87168123ea3073b41a1a 1.75kB / 1.75kB done
#9 sha256:7c6fab1667eb7d9029684d783e4c127f11dd7ed5120829f875b799a0b9431558 249B / 249B 0.4s done
#9 extracting sha256:774043ccc8ccd0d0833a9ee0792142ab7ad93df971e59dd248fbf82db16d0150 0.9s done
#9 extracting sha256:1c5e03f304918f89aed0c098c8f4b6f163f7bf9d2702991696bf0132a2853e30 0.5s done
#9 extracting sha256:a2e58067964fcd8f46a6b5992975e9c8ab34e7620d96204e08e99bf0fdf4dab8 0.5s done
#9 extracting sha256:7c6fab1667eb7d9029684d783e4c127f11dd7ed5120829f875b799a0b9431558 done
#9 DONE 6.1s

#10 [stage-1 2/9] COPY --from=node /usr/local/bin/node /usr/local/bin/node
#10 DONE 0.7s

#11 [stage-1 3/9] COPY --from=node /usr/local/lib/node_modules /usr/local/lib/node_modules
#11 DONE 0.3s

#12 [stage-1 4/9] RUN ln -s /usr/local/lib/node_modules/npm/bin/npm-cli.js /usr/local/bin/npm && npm install --global typescript@5.7.3
#12 1.139 
#12 1.139 added 1 package in 944ms
#12 1.140 npm notice
#12 1.140 npm notice New major version of npm available! 10.9.9 -> 12.1.0
#12 1.140 npm notice Changelog: https://github.com/npm/cli/releases/tag/v12.1.0
#12 1.140 npm notice To update run: npm install -g npm@12.1.0
#12 1.140 npm notice
#12 DONE 1.4s

#13 [stage-1 5/9] WORKDIR /app
#13 DONE 0.0s

#14 [stage-1 6/9] COPY requirements.txt .
#14 DONE 0.0s

#15 [stage-1 7/9] RUN pip install --no-cache-dir -r requirements.txt
#15 1.701 Collecting numpy==2.3.5 (from -r requirements.txt (line 1))
#15 1.748   Downloading numpy-2.3.5-cp312-cp312-manylinux_2_27_x86_64.manylinux_2_28_x86_64.whl.metadata (62 kB)
#15 1.871 Collecting scipy==1.17.0 (from -r requirements.txt (line 2))
#15 1.876   Downloading scipy-1.17.0-cp312-cp312-manylinux_2_27_x86_64.manylinux_2_28_x86_64.whl.metadata (62 kB)
#15 1.899 Downloading numpy-2.3.5-cp312-cp312-manylinux_2_27_x86_64.manylinux_2_28_x86_64.whl (16.6 MB)
#15 2.043    ━━━━━━━━━━━━━━━━━━━━━━━━━━━━━━━━━━━━━━━━ 16.6/16.6 MB 119.7 MB/s eta 0:00:00
#15 2.047 Downloading scipy-1.17.0-cp312-cp312-manylinux_2_27_x86_64.manylinux_2_28_x86_64.whl (35.0 MB)
#15 2.250    ━━━━━━━━━━━━━━━━━━━━━━━━━━━━━━━━━━━━━━━━ 35.0/35.0 MB 174.2 MB/s eta 0:00:00
#15 2.337 Installing collected packages: numpy, scipy
#15 7.630 Successfully installed numpy-2.3.5 scipy-1.17.0
#15 7.631 WARNING: Running pip as the 'root' user can result in broken permissions and conflicting behaviour with the system package manager, possibly rendering your system unusable. It is recommended to use a virtual environment instead: https://pip.pypa.io/warnings/venv. Use the --root-user-action option if you know what you are doing and want to suppress this warning.
#15 7.763 
#15 7.763 [notice] A new release of pip is available: 25.0.1 -> 26.2.1
#15 7.763 [notice] To update, run: pip install --upgrade pip
#15 DONE 9.1s

#16 [stage-1 8/9] COPY . .
#16 DONE 0.1s

#17 [stage-1 9/9] RUN python restore-fixtures.py && tsc -p core/tsconfig.json && useradd --uid 10001 --create-home sandboxuser && chown -R sandboxuser:sandboxuser /app
#17 0.591 All fixture and font hashes verified
#17 DONE 3.1s

#18 exporting to image
#18 exporting layers
#18 exporting layers 1.5s done
#18 writing image sha256:20a98412cf7444c212b285009d5d593564c3577ba58c197ecef4819432235ec7 done
#18 naming to docker.io/library/supply-ci012:candidate done
#18 DONE 1.5s
