{
  "replayedExistingGamesOnly": true,
  "rows": [
    {
      "humanSide": "GERMAN",
      "actions": 398,
      "completeStateMatches002": true,
      "endHash": "7ba24a1c2d6086efabb937d61b53f99e87875c4811a75c915246a4369c0f500d",
      "turn": 16,
      "winner": "SOVIET"
    },
    {
      "humanSide": "SOVIET",
      "actions": 387,
      "completeStateMatches002": true,
      "endHash": "68325cf4b33f130284e11a4a9bb3b33af10a3ed0f0fbe007fe2df470ab9e0906",
      "turn": 16,
      "winner": "SOVIET"
    }
  ],
  "flow": {
    "defaultOff": true,
    "independentSeatAndSession": true,
    "emptyRecoveryOnly": true,
    "staleAndPrivacyBlocked": true,
    "oneAttempt": true,
    "rejectedStops": true,
    "manualEqualsAutoCompleteResult": true,
    "hash": "2423ba638db55a8f94649ebf49871ad5fffd648407df843f4cee718f2641b372"
  },
  "command": {
    "authorizedModelOnly": true,
    "sessionSeatIsolation": true,
    "markDoesNotMutateCore": true,
    "readOnlyStopsMarking": true
  },
  "limitations": "No new natural campaigns; browser operations are separate evidence. No strength/efficiency claim."
}
