{
  "firstLag": {
    "turn": 3,
    "phase": "GERMAN_MOVEMENT",
    "baseline": {
      "n": 224,
      "front": {
        "nearest": 16,
        "leaders": [
          {
            "id": "G-MOT-03",
            "hex": {
              "q": 12,
              "r": 1
            },
            "alive": true,
            "step": 0,
            "distance": 16,
            "type": "MOTORIZED",
            "hasMoved": true,
            "hasAttacked": false,
            "dedicatedRailRepair": false,
            "supplyState": "OUT_OF_SUPPLY",
            "baseMP": 4
          },
          {
            "id": "G-PZ-04",
            "hex": {
              "q": 12,
              "r": 1
            },
            "alive": true,
            "step": 0,
            "distance": 16,
            "type": "PANZER",
            "hasMoved": true,
            "hasAttacked": false,
            "dedicatedRailRepair": false,
            "supplyState": "OUT_OF_SUPPLY",
            "baseMP": 5
          }
        ]
      }
    },
    "candidate": {
      "n": 219,
      "front": {
        "nearest": 17,
        "leaders": [
          {
            "id": "G-MOT-03",
            "hex": {
              "q": 11,
              "r": 1
            },
            "alive": true,
            "step": 0,
            "distance": 17,
            "type": "MOTORIZED",
            "hasMoved": false,
            "hasAttacked": false,
            "dedicatedRailRepair": false,
            "supplyState": "OUT_OF_SUPPLY",
            "baseMP": 4
          }
        ]
      }
    },
    "delta": 1
  },
  "sustained": {
    "turn": 3,
    "phase": "GERMAN_MOVEMENT",
    "baseline": {
      "n": 224,
      "front": {
        "nearest": 16,
        "leaders": [
          {
            "id": "G-MOT-03",
            "hex": {
              "q": 12,
              "r": 1
            },
            "alive": true,
            "step": 0,
            "distance": 16,
            "type": "MOTORIZED",
            "hasMoved": true,
            "hasAttacked": false,
            "dedicatedRailRepair": false,
            "supplyState": "OUT_OF_SUPPLY",
            "baseMP": 4
          },
          {
            "id": "G-PZ-04",
            "hex": {
              "q": 12,
              "r": 1
            },
            "alive": true,
            "step": 0,
            "distance": 16,
            "type": "PANZER",
            "hasMoved": true,
            "hasAttacked": false,
            "dedicatedRailRepair": false,
            "supplyState": "OUT_OF_SUPPLY",
            "baseMP": 5
          }
        ]
      }
    },
    "candidate": {
      "n": 219,
      "front": {
        "nearest": 17,
        "leaders": [
          {
            "id": "G-MOT-03",
            "hex": {
              "q": 11,
              "r": 1
            },
            "alive": true,
            "step": 0,
            "distance": 17,
            "type": "MOTORIZED",
            "hasMoved": false,
            "hasAttacked": false,
            "dedicatedRailRepair": false,
            "supplyState": "OUT_OF_SUPPLY",
            "baseMP": 4
          }
        ]
      }
    },
    "delta": 1
  },
  "final": {
    "baseline": {
      "nearest": 10,
      "leaders": [
        {
          "id": "G-I-05",
          "hex": {
            "q": 18,
            "r": -3
          },
          "alive": true,
          "step": 0,
          "distance": 10,
          "type": "INFANTRY",
          "hasMoved": false,
          "hasAttacked": true,
          "dedicatedRailRepair": false,
          "supplyState": "OUT_OF_SUPPLY",
          "baseMP": 2
        }
      ]
    },
    "candidate": {
      "nearest": 13,
      "leaders": [
        {
          "id": "G-REC-01",
          "hex": {
            "q": 15,
            "r": -2
          },
          "alive": true,
          "step": 0,
          "distance": 13,
          "type": "RECON",
          "hasMoved": false,
          "hasAttacked": false,
          "dedicatedRailRepair": false,
          "supplyState": "OUT_OF_SUPPLY",
          "baseMP": 5
        },
        {
          "id": "G-REC-02",
          "hex": {
            "q": 15,
            "r": -3
          },
          "alive": true,
          "step": 0,
          "distance": 13,
          "type": "RECON",
          "hasMoved": false,
          "hasAttacked": false,
          "dedicatedRailRepair": false,
          "supplyState": "OUT_OF_SUPPLY",
          "baseMP": 5
        }
      ]
    }
  },
  "phaseMovement": [
    {
      "turn": 1,
      "phase": "GERMAN_MOVEMENT",
      "baseline": {
        "n": 86,
        "front": {
          "nearest": 21,
          "leaders": [
            {
              "id": "G-PZ-03",
              "hex": {
                "q": 7,
                "r": 14
              },
              "alive": true,
              "step": 0,
              "distance": 21,
              "type": "PANZER",
              "hasMoved": true,
              "hasAttacked": false,
              "dedicatedRailRepair": false,
              "supplyState": "OUT_OF_SUPPLY",
              "baseMP": 5
            }
          ]
        }
      },
      "candidate": {
        "n": 86,
        "front": {
          "nearest": 21,
          "leaders": [
            {
              "id": "G-PZ-03",
              "hex": {
                "q": 7,
                "r": 14
              },
              "alive": true,
              "step": 0,
              "distance": 21,
              "type": "PANZER",
              "hasMoved": true,
              "hasAttacked": false,
              "dedicatedRailRepair": false,
              "supplyState": "OUT_OF_SUPPLY",
              "baseMP": 5
            }
          ]
        }
      },
      "delta": 0
    },
    {
      "turn": 2,
      "phase": "GERMAN_MOVEMENT",
      "baseline": {
        "n": 152,
        "front": {
          "nearest": 18,
          "leaders": [
            {
              "id": "G-MOT-03",
              "hex": {
                "q": 10,
                "r": 1
              },
              "alive": true,
              "step": 0,
              "distance": 18,
              "type": "MOTORIZED",
              "hasMoved": true,
              "hasAttacked": false,
              "dedicatedRailRepair": false,
              "supplyState": "OUT_OF_SUPPLY",
              "baseMP": 4
            },
            {
              "id": "G-PZ-04",
              "hex": {
                "q": 10,
                "r": 1
              },
              "alive": true,
              "step": 0,
              "distance": 18,
              "type": "PANZER",
              "hasMoved": true,
              "hasAttacked": false,
              "dedicatedRailRepair": false,
              "supplyState": "OUT_OF_SUPPLY",
              "baseMP": 5
            },
            {
              "id": "G-REC-02",
              "hex": {
                "q": 10,
                "r": 2
              },
              "alive": true,
              "step": 0,
              "distance": 18,
              "type": "RECON",
              "hasMoved": true,
              "hasAttacked": false,
              "dedicatedRailRepair": false,
              "supplyState": "OUT_OF_SUPPLY",
              "baseMP": 5
            }
          ]
        }
      },
      "candidate": {
        "n": 152,
        "front": {
          "nearest": 18,
          "leaders": [
            {
              "id": "G-MOT-03",
              "hex": {
                "q": 10,
                "r": 1
              },
              "alive": true,
              "step": 0,
              "distance": 18,
              "type": "MOTORIZED",
              "hasMoved": true,
              "hasAttacked": false,
              "dedicatedRailRepair": false,
              "supplyState": "OUT_OF_SUPPLY",
              "baseMP": 4
            },
            {
              "id": "G-PZ-04",
              "hex": {
                "q": 10,
                "r": 1
              },
              "alive": true,
              "step": 0,
              "distance": 18,
              "type": "PANZER",
              "hasMoved": true,
              "hasAttacked": false,
              "dedicatedRailRepair": false,
              "supplyState": "OUT_OF_SUPPLY",
              "baseMP": 5
            },
            {
              "id": "G-REC-02",
              "hex": {
                "q": 10,
                "r": 2
              },
              "alive": true,
              "step": 0,
              "distance": 18,
              "type": "RECON",
              "hasMoved": true,
              "hasAttacked": false,
              "dedicatedRailRepair": false,
              "supplyState": "OUT_OF_SUPPLY",
              "baseMP": 5
            }
          ]
        }
      },
      "delta": 0
    },
    {
      "turn": 3,
      "phase": "GERMAN_MOVEMENT",
      "baseline": {
        "n": 224,
        "front": {
          "nearest": 16,
          "leaders": [
            {
              "id": "G-MOT-03",
              "hex": {
                "q": 12,
                "r": 1
              },
              "alive": true,
              "step": 0,
              "distance": 16,
              "type": "MOTORIZED",
              "hasMoved": true,
              "hasAttacked": false,
              "dedicatedRailRepair": false,
              "supplyState": "OUT_OF_SUPPLY",
              "baseMP": 4
            },
            {
              "id": "G-PZ-04",
              "hex": {
                "q": 12,
                "r": 1
              },
              "alive": true,
              "step": 0,
              "distance": 16,
              "type": "PANZER",
              "hasMoved": true,
              "hasAttacked": false,
              "dedicatedRailRepair": false,
              "supplyState": "OUT_OF_SUPPLY",
              "baseMP": 5
            }
          ]
        }
      },
      "candidate": {
        "n": 219,
        "front": {
          "nearest": 17,
          "leaders": [
            {
              "id": "G-MOT-03",
              "hex": {
                "q": 11,
                "r": 1
              },
              "alive": true,
              "step": 0,
              "distance": 17,
              "type": "MOTORIZED",
              "hasMoved": false,
              "hasAttacked": false,
              "dedicatedRailRepair": false,
              "supplyState": "OUT_OF_SUPPLY",
              "baseMP": 4
            }
          ]
        }
      },
      "delta": 1
    },
    {
      "turn": 4,
      "phase": "GERMAN_MOVEMENT",
      "baseline": {
        "n": 255,
        "front": {
          "nearest": 16,
          "leaders": [
            {
              "id": "G-MOT-03",
              "hex": {
                "q": 12,
                "r": 1
              },
              "alive": true,
              "step": 0,
              "distance": 16,
              "type": "MOTORIZED",
              "hasMoved": false,
              "hasAttacked": false,
              "dedicatedRailRepair": false,
              "supplyState": "OUT_OF_SUPPLY",
              "baseMP": 4
            },
            {
              "id": "G-PZ-04",
              "hex": {
                "q": 12,
                "r": 1
              },
              "alive": true,
              "step": 0,
              "distance": 16,
              "type": "PANZER",
              "hasMoved": false,
              "hasAttacked": false,
              "dedicatedRailRepair": false,
              "supplyState": "OUT_OF_SUPPLY",
              "baseMP": 5
            }
          ]
        }
      },
      "candidate": {
        "n": 256,
        "front": {
          "nearest": 17,
          "leaders": [
            {
              "id": "G-MOT-03",
              "hex": {
                "q": 11,
                "r": 1
              },
              "alive": true,
              "step": 0,
              "distance": 17,
              "type": "MOTORIZED",
              "hasMoved": false,
              "hasAttacked": false,
              "dedicatedRailRepair": false,
              "supplyState": "OUT_OF_SUPPLY",
              "baseMP": 4
            },
            {
              "id": "G-PZ-01",
              "hex": {
                "q": 11,
                "r": 0
              },
              "alive": true,
              "step": 0,
              "distance": 17,
              "type": "PANZER",
              "hasMoved": false,
              "hasAttacked": false,
              "dedicatedRailRepair": false,
              "supplyState": "OUT_OF_SUPPLY",
              "baseMP": 5
            },
            {
              "id": "G-PZ-02",
              "hex": {
                "q": 11,
                "r": 5
              },
              "alive": true,
              "step": 0,
              "distance": 17,
              "type": "PANZER",
              "hasMoved": false,
              "hasAttacked": false,
              "dedicatedRailRepair": false,
              "supplyState": "OUT_OF_SUPPLY",
              "baseMP": 5
            },
            {
              "id": "G-PZ-03",
              "hex": {
                "q": 11,
                "r": 5
              },
              "alive": true,
              "step": 0,
              "distance": 17,
              "type": "PANZER",
              "hasMoved": true,
              "hasAttacked": false,
              "dedicatedRailRepair": false,
              "supplyState": "OUT_OF_SUPPLY",
              "baseMP": 5
            },
            {
              "id": "G-PZ-04",
              "hex": {
                "q": 11,
                "r": 1
              },
              "alive": true,
              "step": 0,
              "distance": 17,
              "type": "PANZER",
              "hasMoved": true,
              "hasAttacked": false,
              "dedicatedRailRepair": false,
              "supplyState": "OUT_OF_SUPPLY",
              "baseMP": 5
            }
          ]
        }
      },
      "delta": 1
    },
    {
      "turn": 5,
      "phase": "GERMAN_MOVEMENT",
      "baseline": {
        "n": 330,
        "front": {
          "nearest": 14,
          "leaders": [
            {
              "id": "G-J-02",
              "hex": {
                "q": 14,
                "r": 1
              },
              "alive": true,
              "step": 0,
              "distance": 14,
              "type": "JAGER",
              "hasMoved": true,
              "hasAttacked": false,
              "dedicatedRailRepair": false,
              "supplyState": "OUT_OF_SUPPLY",
              "baseMP": 3
            },
            {
              "id": "G-PZ-04",
              "hex": {
                "q": 14,
                "r": 1
              },
              "alive": true,
              "step": 0,
              "distance": 14,
              "type": "PANZER",
              "hasMoved": true,
              "hasAttacked": false,
              "dedicatedRailRepair": false,
              "supplyState": "OUT_OF_SUPPLY",
              "baseMP": 5
            }
          ]
        }
      },
      "candidate": {
        "n": 287,
        "front": {
          "nearest": 17,
          "leaders": [
            {
              "id": "G-I-03",
              "hex": {
                "q": 11,
                "r": 4
              },
              "alive": true,
              "step": 0,
              "distance": 17,
              "type": "INFANTRY",
              "hasMoved": true,
              "hasAttacked": false,
              "dedicatedRailRepair": false,
              "supplyState": "OUT_OF_SUPPLY",
              "baseMP": 2
            },
            {
              "id": "G-I-07",
              "hex": {
                "q": 11,
                "r": 4
              },
              "alive": true,
              "step": 0,
              "distance": 17,
              "type": "INFANTRY",
              "hasMoved": true,
              "hasAttacked": false,
              "dedicatedRailRepair": false,
              "supplyState": "OUT_OF_SUPPLY",
              "baseMP": 2
            },
            {
              "id": "G-MOT-03",
              "hex": {
                "q": 11,
                "r": 1
              },
              "alive": true,
              "step": 0,
              "distance": 17,
              "type": "MOTORIZED",
              "hasMoved": false,
              "hasAttacked": false,
              "dedicatedRailRepair": false,
              "supplyState": "OUT_OF_SUPPLY",
              "baseMP": 4
            },
            {
              "id": "G-PZ-01",
              "hex": {
                "q": 11,
                "r": 0
              },
              "alive": true,
              "step": 0,
              "distance": 17,
              "type": "PANZER",
              "hasMoved": false,
              "hasAttacked": false,
              "dedicatedRailRepair": false,
              "supplyState": "OUT_OF_SUPPLY",
              "baseMP": 5
            },
            {
              "id": "G-PZ-02",
              "hex": {
                "q": 11,
                "r": 5
              },
              "alive": true,
              "step": 0,
              "distance": 17,
              "type": "PANZER",
              "hasMoved": false,
              "hasAttacked": false,
              "dedicatedRailRepair": false,
              "supplyState": "OUT_OF_SUPPLY",
              "baseMP": 5
            },
            {
              "id": "G-PZ-03",
              "hex": {
                "q": 11,
                "r": 5
              },
              "alive": true,
              "step": 0,
              "distance": 17,
              "type": "PANZER",
              "hasMoved": false,
              "hasAttacked": false,
              "dedicatedRailRepair": false,
              "supplyState": "OUT_OF_SUPPLY",
              "baseMP": 5
            },
            {
              "id": "G-PZ-04",
              "hex": {
                "q": 11,
                "r": 1
              },
              "alive": true,
              "step": 0,
              "distance": 17,
              "type": "PANZER",
              "hasMoved": false,
              "hasAttacked": false,
              "dedicatedRailRepair": false,
              "supplyState": "OUT_OF_SUPPLY",
              "baseMP": 5
            }
          ]
        }
      },
      "delta": 3
    },
    {
      "turn": 6,
      "phase": "GERMAN_MOVEMENT",
      "baseline": {
        "n": 391,
        "front": {
          "nearest": 14,
          "leaders": [
            {
              "id": "G-J-02",
              "hex": {
                "q": 14,
                "r": 1
              },
              "alive": true,
              "step": 0,
              "distance": 14,
              "type": "JAGER",
              "hasMoved": false,
              "hasAttacked": false,
              "dedicatedRailRepair": false,
              "supplyState": "OUT_OF_SUPPLY",
              "baseMP": 3
            },
            {
              "id": "G-PZ-04",
              "hex": {
                "q": 14,
                "r": 1
              },
              "alive": true,
              "step": 0,
              "distance": 14,
              "type": "PANZER",
              "hasMoved": false,
              "hasAttacked": false,
              "dedicatedRailRepair": false,
              "supplyState": "OUT_OF_SUPPLY",
              "baseMP": 5
            }
          ]
        }
      },
      "candidate": {
        "n": 340,
        "front": {
          "nearest": 17,
          "leaders": [
            {
              "id": "G-I-02",
              "hex": {
                "q": 11,
                "r": 2
              },
              "alive": true,
              "step": 0,
              "distance": 17,
              "type": "INFANTRY",
              "hasMoved": false,
              "hasAttacked": false,
              "dedicatedRailRepair": false,
              "supplyState": "OUT_OF_SUPPLY",
              "baseMP": 2
            },
            {
              "id": "G-I-03",
              "hex": {
                "q": 11,
                "r": 4
              },
              "alive": true,
              "step": 1,
              "distance": 17,
              "type": "INFANTRY",
              "hasMoved": false,
              "hasAttacked": false,
              "dedicatedRailRepair": false,
              "supplyState": "OUT_OF_SUPPLY",
              "baseMP": 2
            },
            {
              "id": "G-I-07",
              "hex": {
                "q": 11,
                "r": 4
              },
              "alive": true,
              "step": 0,
              "distance": 17,
              "type": "INFANTRY",
              "hasMoved": false,
              "hasAttacked": false,
              "dedicatedRailRepair": false,
              "supplyState": "OUT_OF_SUPPLY",
              "baseMP": 2
            },
            {
              "id": "G-MOT-03",
              "hex": {
                "q": 11,
                "r": 1
              },
              "alive": true,
              "step": 0,
              "distance": 17,
              "type": "MOTORIZED",
              "hasMoved": false,
              "hasAttacked": false,
              "dedicatedRailRepair": false,
              "supplyState": "OUT_OF_SUPPLY",
              "baseMP": 4
            },
            {
              "id": "G-PZ-01",
              "hex": {
                "q": 11,
                "r": 0
              },
              "alive": true,
              "step": 0,
              "distance": 17,
              "type": "PANZER",
              "hasMoved": false,
              "hasAttacked": false,
              "dedicatedRailRepair": false,
              "supplyState": "OUT_OF_SUPPLY",
              "baseMP": 5
            },
            {
              "id": "G-PZ-02",
              "hex": {
                "q": 11,
                "r": 5
              },
              "alive": true,
              "step": 0,
              "distance": 17,
              "type": "PANZER",
              "hasMoved": false,
              "hasAttacked": false,
              "dedicatedRailRepair": false,
              "supplyState": "OUT_OF_SUPPLY",
              "baseMP": 5
            },
            {
              "id": "G-PZ-03",
              "hex": {
                "q": 11,
                "r": 5
              },
              "alive": true,
              "step": 0,
              "distance": 17,
              "type": "PANZER",
              "hasMoved": false,
              "hasAttacked": false,
              "dedicatedRailRepair": false,
              "supplyState": "OUT_OF_SUPPLY",
              "baseMP": 5
            },
            {
              "id": "G-PZ-04",
              "hex": {
                "q": 11,
                "r": 1
              },
              "alive": true,
              "step": 0,
              "distance": 17,
              "type": "PANZER",
              "hasMoved": false,
              "hasAttacked": false,
              "dedicatedRailRepair": false,
              "supplyState": "OUT_OF_SUPPLY",
              "baseMP": 5
            }
          ]
        }
      },
      "delta": 3
    }
  ]
}
