far
{"stage":"projectVS2Terrain","ms":12.384028}
{"stage":"rasterizeVS2WorldSurface","ms":1205.416484}
{"stage":"paintVS2PlainTraces","ms":9.76889600000004}
{"stage":"paintVS2MarshReeds","ms":32.90718300000003}
{"stage":"paintVS2RiverbankDetails","ms":6.882194000000027}
{"stage":"planVS2CityClusters","ms":315.05203200000005}
{"stage":"planVS2CityBlocks","ms":110.68937100000016}
{"stage":"planVS2CityCourts","ms":16.583006999999952}
{"stage":"world-base-with-mock-canvas-and-images","ms":1921.8510190000002}
medium
{"stage":"projectVS2Terrain","ms":9.384926999999834}
{"stage":"rasterizeVS2WorldSurface","ms":4468.138086}
{"stage":"paintVS2PlainTraces","ms":9.20075899999938}
{"stage":"paintVS2MarshReeds","ms":32.68181100000038}
{"stage":"paintVS2RiverbankDetails","ms":6.316832000000431}
{"stage":"planVS2CityClusters","ms":353.60540800000035}
{"stage":"planVS2CityBlocks","ms":118.32864599999994}
{"stage":"planVS2CityCourts","ms":10.903194999999869}
{"stage":"world-base-with-mock-canvas-and-images","ms":5835.785569}
close
{"stage":"projectVS2Terrain","ms":8.051375999999436}
{"stage":"rasterizeVS2WorldSurface","ms":17720.946206}
{"stage":"paintVS2PlainTraces","ms":8.610364000000118}
{"stage":"paintVS2MarshReeds","ms":33.98015200000009}
{"stage":"paintVS2RiverbankDetails","ms":5.504520999998931}
{"stage":"planVS2CityClusters","ms":294.2882580000005}
{"stage":"planVS2CityBlocks","ms":104.3553780000002}
{"stage":"planVS2CityCourts","ms":9.993894999999611}
{"stage":"world-base-with-mock-canvas-and-images","ms":21257.148134}
