✔ remount and dynamic refresh preserve x/y/zoom and align surface with SVG (2.0761ms)
✔ mouse and single touch pan preserve tap arbitration; next tap is not swallowed (1.176ms)
✔ pinch keeps its world focus beneath moving midpoint, suppresses counter click, and resumes pan (0.5803ms)
✔ wheel zoom anchors at cursor without remount; zoom limits never reset translation (0.4982ms)
✔ pinch cancellation and third finger removal leave no stale pointer or tap suppression (0.5508ms)
✔ off-centre pinch math preserves anchor at clamped zoom and handles coincident fingers (0.1015ms)
✔ PERF003 duplicate requests and reprioritization keep one builder and one complete surface per LOD (29.3725ms)
✔ PERF003 paused background work resumes without duplicate work; disposal prevents stale completion (76.032ms)
✔ PERF003 failure remains explicit and bounded until deliberate retry; completed fallback retained (62.4065ms)
✔ PERF003 CPU work gives real timer/input opportunities and preserves iterator order/finally (64.7169ms)
✔ PERF003 chunked raster bytes match original baseline at every LOD and visual seed; no input mutation (347.4036ms)
✔ PERF003 city order, visual seed, footprints and courts match the baseline after chunking and cached centrality (33.6595ms)
✔ PERF003 decorative planning yields without touching the final Canvas; atomic replay exactly matches original draw stream and releases buffer (9.1535ms)
✔ startup feedback exists in HTML before modules and before pending map/assets (4.6305ms)
✔ startup progress is monotonic across asset batches and LOD milestones (0.2242ms)
✔ first usable LOD releases the loading gate but 100 percent requires every completed surface (28.1668ms)
✔ startup failure retains fatal diagnostics and never emits success (15.6793ms)
EASTFRONT terrain direct image fallback fixture https://test.invalid/assets/terrain/p4r3/fixture.png TerrainSurfaceResourceError: Terrain image failed: https://test.invalid/assets/terrain/p4r3/fixture.png
    at fail (file:///C:/Users/jinyibo/eastfront/startup-005-close-diagnosis/dist/app/render/terrainSurface.js:79:20)
    at img.onerror (file:///C:/Users/jinyibo/eastfront/startup-005-close-diagnosis/dist/app/render/terrainSurface.js:149:29)
    at file:///C:/Users/jinyibo/eastfront/startup-005-close-diagnosis/tests/startup-progress.test.mjs:113:201
    at node:internal/process/task_queues:151:7
    at AsyncResource.runInAsyncScope (node:async_hooks:227:14)
    at AsyncResource.runMicrotask (node:internal/process/task_queues:148:8) {
  details: {
    stage: 'direct-image-load',
    url: 'https://test.invalid/assets/terrain/p4r3/fixture.png',
    assetId: 'fixture',
    family: 'ground',
    preferredApi: 'HTMLImageElement.onload',
    cause: 'image error event',
    imageComplete: undefined,
    width: 8,
    height: 8,
    capabilities: {
      createImageBitmap: false,
      offscreenCanvas: false,
      htmlImageDecode: false,
      canvas2d: true
    }
  }
}
EASTFRONT terrain direct image fallback fixture https://test.invalid/assets/terrain/p4r3/fixture.png TerrainSurfaceResourceError: Terrain image failed: https://test.invalid/assets/terrain/p4r3/fixture.png
    at fail (file:///C:/Users/jinyibo/eastfront/startup-005-close-diagnosis/dist/app/render/terrainSurface.js:79:20)
    at img.onerror (file:///C:/Users/jinyibo/eastfront/startup-005-close-diagnosis/dist/app/render/terrainSurface.js:149:29)
    at file:///C:/Users/jinyibo/eastfront/startup-005-close-diagnosis/tests/startup-progress.test.mjs:113:201
    at node:internal/process/task_queues:151:7
    at AsyncResource.runInAsyncScope (node:async_hooks:227:14)
    at AsyncResource.runMicrotask (node:internal/process/task_queues:148:8) {
  details: {
    stage: 'direct-image-load',
    url: 'https://test.invalid/assets/terrain/p4r3/fixture.png',
    assetId: 'fixture',
    family: 'ground',
    preferredApi: 'HTMLImageElement.onload',
    cause: 'image error event',
    imageComplete: undefined,
    width: 8,
    height: 8,
    capabilities: {
      createImageBitmap: false,
      offscreenCanvas: false,
      htmlImageDecode: false,
      canvas2d: true
    }
  }
}
EASTFRONT terrain direct image fallback fixture https://test.invalid/assets/terrain/p4r3/fixture.png TerrainSurfaceResourceError: Terrain image failed: https://test.invalid/assets/terrain/p4r3/fixture.png
    at fail (file:///C:/Users/jinyibo/eastfront/startup-005-close-diagnosis/dist/app/render/terrainSurface.js:79:20)
    at img.onerror (file:///C:/Users/jinyibo/eastfront/startup-005-close-diagnosis/dist/app/render/terrainSurface.js:149:29)
    at file:///C:/Users/jinyibo/eastfront/startup-005-close-diagnosis/tests/startup-progress.test.mjs:113:201
    at node:internal/process/task_queues:151:7
    at AsyncResource.runInAsyncScope (node:async_hooks:227:14)
    at AsyncResource.runMicrotask (node:internal/process/task_queues:148:8) {
  details: {
    stage: 'direct-image-load',
    url: 'https://test.invalid/assets/terrain/p4r3/fixture.png',
    assetId: 'fixture',
    family: 'ground',
    preferredApi: 'HTMLImageElement.onload',
    cause: 'image error event',
    imageComplete: undefined,
    width: 8,
    height: 8,
    capabilities: {
      createImageBitmap: true,
      offscreenCanvas: false,
      htmlImageDecode: false,
      canvas2d: true
    }
  }
}
✔ startup retains resource concurrency, current LOD priority, fixed seed and observer cleanup (46.3312ms)
✔ Huawei direct-image path is still first and observer exceptions cannot trigger fallback (1.0501ms)
✔ fetch/blob fallback success counts exactly once after the original path succeeds (1.3936ms)
✔ failed image does not increment completion or change resource error semantics (0.6516ms)
✔ bitmap fallback completion preserves release and skips the blob-image branch (0.7395ms)
✔ actual VS2 asset batch totals come from the selected material list and actual completions (137.8544ms)
✔ VS2 observer on/off produces identical draw trace, pixels, resource order and stats (360.3555ms)
✖ recorded reviewed terrain startup checkpoint matches frozen source after removing observation (2.4875ms)
✔ UA-001 transition boundary and session adapter match recorded FOW integration (0.4656ms)
✔ loading stages and counters are complete in zh-CN/en-US and language changes retain progress (0.3266ms)
✔ unknown totals never imply an asset percentage, and updates touch only loading DOM nodes (0.2235ms)
✔ loading interpolation never runs a timer and respects reduced motion (1.3344ms)
✔ STARTUP002 existing fatal page offers readable copyable safe diagnostics in both languages (1.9186ms)
✔ STARTUP002 copy remains manually selectable if the device denies clipboard access (0.2681ms)
✔ 004 dimensions: original cap cannot reach close, adaptive cap does without changing LOD thresholds (0.6079ms)
✖ new cap preserves off-centre pinch focus; resource readiness is not an input to camera limits (0.6434ms)
✔ live diagnostics distinguish paused checkpoint from progressing CPU and retain no unfinished completion (123.714ms)
✔ diagnostics remain bounded and cancellation records failure without holding a surface (341.8188ms)
ℹ tests 35
ℹ suites 0
ℹ pass 33
ℹ fail 2
ℹ cancelled 0
ℹ skipped 0
ℹ todo 0
ℹ duration_ms 861.1185

✖ failing tests:

test at tests\startup-progress.test.mjs:191:1
✖ recorded reviewed terrain startup checkpoint matches frozen source after removing observation (2.4875ms)
  AssertionError [ERR_ASSERTION]: src/render/progressiveTerrain.ts
  + actual - expected
  
  + 'd4697dac3339180add36ba88df727be0e8505100ccebf5f619ed37aa37e63478'
  - '8ec44e7bd4b67e2086d4942f69ce5e5849c51c027c80d2040f61e0c9163c22cc'
  
      at TestContext.<anonymous> (file:///C:/Users/jinyibo/eastfront/startup-005-close-diagnosis/tests/startup-progress.test.mjs:193:12)
      at Test.runInAsyncScope (node:async_hooks:227:14)
      at Test.run (node:internal/test_runner/test:1382:25)
      at Test.processPendingSubtests (node:internal/test_runner/test:960:18)
      at Test.postRun (node:internal/test_runner/test:1522:19)
      at Test.run (node:internal/test_runner/test:1447:12)
      at async Test.processPendingSubtests (node:internal/test_runner/test:960:7) {
    generatedMessage: false,
    code: 'ERR_ASSERTION',
    actual: 'd4697dac3339180add36ba88df727be0e8505100ccebf5f619ed37aa37e63478',
    expected: '8ec44e7bd4b67e2086d4942f69ce5e5849c51c027c80d2040f61e0c9163c22cc',
    operator: 'strictEqual',
    diff: 'simple'
  }

test at tests\startup005-diagnosis.test.mjs:13:1
✖ new cap preserves off-centre pinch focus; resource readiness is not an input to camera limits (0.6434ms)
  AssertionError [ERR_ASSERTION]: Expected values to be strictly equal:
  + actual - expected
  
  + 25.999999999999993
  - 26
  
      at TestContext.<anonymous> (file:///C:/Users/jinyibo/eastfront/startup-005-close-diagnosis/tests/startup005-diagnosis.test.mjs:15:101)
      at Test.runInAsyncScope (node:async_hooks:227:14)
      at Test.run (node:internal/test_runner/test:1382:25)
      at Test.processPendingSubtests (node:internal/test_runner/test:960:18)
      at Test.postRun (node:internal/test_runner/test:1522:19)
      at Test.run (node:internal/test_runner/test:1447:12)
      at async startSubtestAfterBootstrap (node:internal/test_runner/harness:387:3) {
    generatedMessage: true,
    code: 'ERR_ASSERTION',
    actual: 25.999999999999993,
    expected: 26,
    operator: 'strictEqual',
    diff: 'simple'
  }
